Component: ARM Compiler 5.06 update 7 (build 960) Tool: armlink [4d3601]

==============================================================================

Section Cross References

    startup_stm32f103xb.o(STACK) refers (Special) to heapauxi.o(.text) for __use_two_region_memory
    startup_stm32f103xb.o(HEAP) refers (Special) to heapauxi.o(.text) for __use_two_region_memory
    startup_stm32f103xb.o(RESET) refers (Special) to heapauxi.o(.text) for __use_two_region_memory
    startup_stm32f103xb.o(RESET) refers to startup_stm32f103xb.o(STACK) for __initial_sp
    startup_stm32f103xb.o(RESET) refers to startup_stm32f103xb.o(.text) for Reset_Handler
    startup_stm32f103xb.o(RESET) refers to stm32f1xx_it.o(i.NMI_Handler) for NMI_Handler
    startup_stm32f103xb.o(RESET) refers to stm32f1xx_it.o(i.HardFault_Handler) for HardFault_Handler
    startup_stm32f103xb.o(RESET) refers to stm32f1xx_it.o(i.MemManage_Handler) for MemManage_Handler
    startup_stm32f103xb.o(RESET) refers to stm32f1xx_it.o(i.BusFault_Handler) for BusFault_Handler
    startup_stm32f103xb.o(RESET) refers to stm32f1xx_it.o(i.UsageFault_Handler) for UsageFault_Handler
    startup_stm32f103xb.o(RESET) refers to stm32f1xx_it.o(i.SVC_Handler) for SVC_Handler
    startup_stm32f103xb.o(RESET) refers to stm32f1xx_it.o(i.DebugMon_Handler) for DebugMon_Handler
    startup_stm32f103xb.o(RESET) refers to stm32f1xx_it.o(i.PendSV_Handler) for PendSV_Handler
    startup_stm32f103xb.o(RESET) refers to stm32f1xx_it.o(i.SysTick_Handler) for SysTick_Handler
    startup_stm32f103xb.o(RESET) refers to stm32f1xx_it.o(i.DMA1_Channel2_IRQHandler) for DMA1_Channel2_IRQHandler
    startup_stm32f103xb.o(RESET) refers to stm32f1xx_it.o(i.DMA1_Channel3_IRQHandler) for DMA1_Channel3_IRQHandler
    startup_stm32f103xb.o(RESET) refers to stm32f1xx_it.o(i.DMA1_Channel6_IRQHandler) for DMA1_Channel6_IRQHandler
    startup_stm32f103xb.o(RESET) refers to stm32f1xx_it.o(i.DMA1_Channel7_IRQHandler) for DMA1_Channel7_IRQHandler
    startup_stm32f103xb.o(RESET) refers to stm32f1xx_it.o(i.TIM1_UP_IRQHandler) for TIM1_UP_IRQHandler
    startup_stm32f103xb.o(RESET) refers to stm32f1xx_it.o(i.TIM2_IRQHandler) for TIM2_IRQHandler
    startup_stm32f103xb.o(RESET) refers to stm32f1xx_it.o(i.TIM3_IRQHandler) for TIM3_IRQHandler
    startup_stm32f103xb.o(RESET) refers to stm32f1xx_it.o(i.TIM4_IRQHandler) for TIM4_IRQHandler
    startup_stm32f103xb.o(RESET) refers to stm32f1xx_it.o(i.USART1_IRQHandler) for USART1_IRQHandler
    startup_stm32f103xb.o(RESET) refers to stm32f1xx_it.o(i.USART2_IRQHandler) for USART2_IRQHandler
    startup_stm32f103xb.o(RESET) refers to stm32f1xx_it.o(i.USART3_IRQHandler) for USART3_IRQHandler
    startup_stm32f103xb.o(.text) refers (Special) to heapauxi.o(.text) for __use_two_region_memory
    startup_stm32f103xb.o(.text) refers to system_stm32f1xx.o(i.SystemInit) for SystemInit
    startup_stm32f103xb.o(.text) refers to __main.o(!!!main) for __main
    startup_stm32f103xb.o(.text) refers to startup_stm32f103xb.o(HEAP) for Heap_Mem
    startup_stm32f103xb.o(.text) refers to startup_stm32f103xb.o(STACK) for Stack_Mem
    main.o(i.HAL_TIM_PeriodElapsedCallback) refers to stm32f1xx_hal_tim.o(i.HAL_TIM_Base_Stop_IT) for HAL_TIM_Base_Stop_IT
    main.o(i.HAL_TIM_PeriodElapsedCallback) refers to stm32f1xx_it.o(.data) for USART3_RX_STA
    main.o(i.HAL_TIM_PeriodElapsedCallback) refers to tim.o(.bss) for htim4
    main.o(i.SystemClock_Config) refers to rt_memclr_w.o(.text) for __aeabi_memclr4
    main.o(i.SystemClock_Config) refers to stm32f1xx_hal_rcc.o(i.HAL_RCC_OscConfig) for HAL_RCC_OscConfig
    main.o(i.SystemClock_Config) refers to stm32f1xx_hal_rcc.o(i.HAL_RCC_ClockConfig) for HAL_RCC_ClockConfig
    main.o(i.main) refers to stm32f1xx_hal.o(i.HAL_Init) for HAL_Init
    main.o(i.main) refers to main.o(i.SystemClock_Config) for SystemClock_Config
    main.o(i.main) refers to gpio.o(i.MX_GPIO_Init) for MX_GPIO_Init
    main.o(i.main) refers to dma.o(i.MX_DMA_Init) for MX_DMA_Init
    main.o(i.main) refers to usart.o(i.MX_USART3_UART_Init) for MX_USART3_UART_Init
    main.o(i.main) refers to usart.o(i.MX_USART1_UART_Init) for MX_USART1_UART_Init
    main.o(i.main) refers to tim.o(i.MX_TIM2_Init) for MX_TIM2_Init
    main.o(i.main) refers to tim.o(i.MX_TIM1_Init) for MX_TIM1_Init
    main.o(i.main) refers to tim.o(i.MX_TIM4_Init) for MX_TIM4_Init
    main.o(i.main) refers to usart.o(i.MX_USART2_UART_Init) for MX_USART2_UART_Init
    main.o(i.main) refers to tim.o(i.MX_TIM3_Init) for MX_TIM3_Init
    main.o(i.main) refers to stm32f1xx_hal_uart.o(i.HAL_UART_Receive_DMA) for HAL_UART_Receive_DMA
    main.o(i.main) refers to stm32f1xx_hal_uart.o(i.HAL_UART_Receive_IT) for HAL_UART_Receive_IT
    main.o(i.main) refers to stm32f1xx_hal_tim.o(i.HAL_TIM_Base_Start_IT) for HAL_TIM_Base_Start_IT
    main.o(i.main) refers to stm32f1xx_hal_tim.o(i.HAL_TIM_Base_Start) for HAL_TIM_Base_Start
[...]
    .text                                    0x080006fa   Section        0  indicate_semi.o(.text)
    i.Append_CRC16_Check_Sum                 0x080006fc   Section        0  crc.o(i.Append_CRC16_Check_Sum)
    i.BusFault_Handler                       0x08000724   Section        0  stm32f1xx_it.o(i.BusFault_Handler)
    i.DMA1_Channel2_IRQHandler               0x08000728   Section        0  stm32f1xx_it.o(i.DMA1_Channel2_IRQHandler)
    i.DMA1_Channel3_IRQHandler               0x08000734   Section        0  stm32f1xx_it.o(i.DMA1_Channel3_IRQHandler)
    i.DMA1_Channel6_IRQHandler               0x08000740   Section        0  stm32f1xx_it.o(i.DMA1_Channel6_IRQHandler)
    i.DMA1_Channel7_IRQHandler               0x0800074c   Section        0  stm32f1xx_it.o(i.DMA1_Channel7_IRQHandler)
    i.DMA_SetConfig                          0x08000758   Section        0  stm32f1xx_hal_dma.o(i.DMA_SetConfig)
    DMA_SetConfig                            0x08000759   Thumb Code    42  stm32f1xx_hal_dma.o(i.DMA_SetConfig)
    i.DebugMon_Handler                       0x08000782   Section        0  stm32f1xx_it.o(i.DebugMon_Handler)
    i.Error_Handler                          0x08000784   Section        0  main.o(i.Error_Handler)
    i.GPS_Analysis                           0x08000788   Section        0  gps.o(i.GPS_Analysis)
    i.Get_CRC16_Check_Sum                    0x080007c0   Section        0  crc.o(i.Get_CRC16_Check_Sum)
    i.HAL_DMA_Abort                          0x080007ec   Section        0  stm32f1xx_hal_dma.o(i.HAL_DMA_Abort)
    i.HAL_DMA_Abort_IT                       0x08000834   Section        0  stm32f1xx_hal_dma.o(i.HAL_DMA_Abort_IT)
    i.HAL_DMA_IRQHandler                     0x080008cc   Section        0  stm32f1xx_hal_dma.o(i.HAL_DMA_IRQHandler)
    i.HAL_DMA_Init                           0x08000a20   Section        0  stm32f1xx_hal_dma.o(i.HAL_DMA_Init)
    i.HAL_DMA_Start_IT                       0x08000a7c   Section        0  stm32f1xx_hal_dma.o(i.HAL_DMA_Start_IT)
    i.HAL_Delay                              0x08000aec   Section        0  stm32f1xx_hal.o(i.HAL_Delay)
    i.HAL_GPIO_Init                          0x08000b10   Section        0  stm32f1xx_hal_gpio.o(i.HAL_GPIO_Init)
    i.HAL_GPIO_WritePin                      0x08000cf0   Section        0  stm32f1xx_hal_gpio.o(i.HAL_GPIO_WritePin)
    i.HAL_GetTick                            0x08000cfc   Section        0  stm32f1xx_hal.o(i.HAL_GetTick)
    i.HAL_IncTick                            0x08000d08   Section        0  stm32f1xx_hal.o(i.HAL_IncTick)
    i.HAL_Init                               0x08000d18   Section        0  stm32f1xx_hal.o(i.HAL_Init)
    i.HAL_InitTick                           0x08000d3c   Section        0  stm32f1xx_hal.o(i.HAL_InitTick)
    i.HAL_MspInit                            0x08000d7c   Section        0  stm32f1xx_hal_msp.o(i.HAL_MspInit)
    i.HAL_NVIC_EnableIRQ                     0x08000db8   Section        0  stm32f1xx_hal_cortex.o(i.HAL_NVIC_EnableIRQ)
    i.HAL_NVIC_SetPriority                   0x08000dd4   Section        0  stm32f1xx_hal_cortex.o(i.HAL_NVIC_SetPriority)
    i.HAL_NVIC_SetPriorityGrouping           0x08000e14   Section        0  stm32f1xx_hal_cortex.o(i.HAL_NVIC_SetPriorityGrouping)
    i.HAL_RCC_ClockConfig                    0x08000e38   Section        0  stm32f1xx_hal_rcc.o(i.HAL_RCC_ClockConfig)
    i.HAL_RCC_GetPCLK1Freq                   0x08000f64   Section        0  stm32f1xx_hal_rcc.o(i.HAL_RCC_GetPCLK1Freq)
    i.HAL_RCC_GetPCLK2Freq                   0x08000f84   Section        0  stm32f1xx_hal_rcc.o(i.HAL_RCC_GetPCLK2Freq)
    i.HAL_RCC_GetSysClockFreq                0x08000fa4   Section        0  stm32f1xx_hal_rcc.o(i.HAL_RCC_GetSysClockFreq)
    i.HAL_RCC_OscConfig                      0x08000ff0   Section        0  stm32f1xx_hal_rcc.o(i.HAL_RCC_OscConfig)
    i.HAL_SYSTICK_Config                     0x08001310   Section        0  stm32f1xx_hal_cortex.o(i.HAL_SYSTICK_Config)
    i.HAL_TIMEx_BreakCallback                0x08001338   Section        0  stm32f1xx_hal_tim_ex.o(i.HAL_TIMEx_BreakCallback)
    i.HAL_TIMEx_CommutCallback               0x0800133a   Section        0  stm32f1xx_hal_tim_ex.o(i.HAL_TIMEx_CommutCallback)
    i.HAL_TIMEx_ConfigBreakDeadTime          0x0800133c   Section        0  stm32f1xx_hal_tim_ex.o(i.HAL_TIMEx_ConfigBreakDeadTime)
    i.HAL_TIMEx_MasterConfigSynchronization  0x08001390   Section        0  stm32f1xx_hal_tim_ex.o(i.HAL_TIMEx_MasterConfigSynchronization)
    i.HAL_TIM_Base_Init                      0x080013f8   Section        0  stm32f1xx_hal_tim.o(i.HAL_TIM_Base_Init)
    i.HAL_TIM_Base_MspInit                   0x08001454   Section        0  tim.o(i.HAL_TIM_Base_MspInit)
    i.HAL_TIM_Base_Start                     0x080014e0   Section        0  stm32f1xx_hal_tim.o(i.HAL_TIM_Base_Start)
    i.HAL_TIM_Base_Start_IT                  0x08001530   Section        0  stm32f1xx_hal_tim.o(i.HAL_TIM_Base_Start_IT)
    i.HAL_TIM_Base_Stop_IT                   0x08001588   Section        0  stm32f1xx_hal_tim.o(i.HAL_TIM_Base_Stop_IT)
    i.HAL_TIM_ConfigClockSource              0x080015b8   Section        0  stm32f1xx_hal_tim.o(i.HAL_TIM_ConfigClockSource)
    i.HAL_TIM_IC_CaptureCallback             0x08001694   Section        0  stm32f1xx_hal_tim.o(i.HAL_TIM_IC_CaptureCallback)
    i.HAL_TIM_IRQHandler                     0x08001696   Section        0  stm32f1xx_hal_tim.o(i.HAL_TIM_IRQHandler)
    i.HAL_TIM_MspPostInit                    0x080017c8   Section        0  tim.o(i.HAL_TIM_MspPostInit)
    i.HAL_TIM_OC_DelayElapsedCallback        0x08001830   Section        0  stm32f1xx_hal_tim.o(i.HAL_TIM_OC_DelayElapsedCallback)
    i.HAL_TIM_PWM_ConfigChannel              0x08001832   Section        0  stm32f1xx_hal_tim.o(i.HAL_TIM_PWM_ConfigChannel)
    i.HAL_TIM_PWM_Init                       0x080018fe   Section        0  stm32f1xx_hal_tim.o(i.HAL_TIM_PWM_Init)
    i.HAL_TIM_PWM_MspInit                    0x08001958   Section        0  tim.o(i.HAL_TIM_PWM_MspInit)
    i.HAL_TIM_PWM_PulseFinishedCallback      0x08001990   Section        0  stm32f1xx_hal_tim.o(i.HAL_TIM_PWM_PulseFinishedCallback)
    i.HAL_TIM_PWM_Start                      0x08001994   Section        0  stm32f1xx_hal_tim.o(i.HAL_TIM_PWM_Start)
    i.HAL_TIM_PeriodElapsedCallback          0x08001a30   Section        0  main.o(i.HAL_TIM_PeriodElapsedCallback)
    i.HAL_TIM_TriggerCallback                0x08001a58   Section        0  stm32f1xx_hal_tim.o(i.HAL_TIM_TriggerCallback)
    i.HAL_UARTEx_RxEventCallback             0x08001a5a   Section        0  stm32f1xx_hal_uart.o(i.HAL_UARTEx_RxEventCallback)
    i.HAL_UART_DMAStop                       0x08001a5c   Section        0  stm32f1xx_hal_uart.o(i.HAL_UART_DMAStop)
    i.HAL_UART_ErrorCallback                 0x08001acc   Section        0  stm32f1xx_hal_uart.o(i.HAL_UART_ErrorCallback)
    i.HAL_UART_IRQHandler                    0x08001ad0   Section        0  stm32f1xx_hal_uart.o(i.HAL_UART_IRQHandler)
    i.HAL_UART_Init                          0x08001d3c   Section        0  stm32f1xx_hal_uart.o(i.HAL_UART_Init)
    i.HAL_UART_MspInit                       0x08001da0   Section        0  usart.o(i.HAL_UART_MspInit)
    i.HAL_UART_Receive_DMA                   0x08001f9c   Section        0  stm32f1xx_hal_uart.o(i.HAL_UART_Receive_DMA)
    i.HAL_UART_Receive_IT                    0x08001fb8   Section        0  stm32f1xx_hal_uart.o(i.HAL_UART_Receive_IT)
    i.HAL_UART_RxCpltCallback                0x08001fd4   Section        0  stm32f1xx_hal_uart.o(i.HAL_UART_RxCpltCallback)
    i.HAL_UART_RxHalfCpltCallback            0x08001fd6   Section        0  stm32f1xx_hal_uart.o(i.HAL_UART_RxHalfCpltCallback)
    i.HAL_UART_Transmit                      0x08001fd8   Section        0  stm32f1xx_hal_uart.o(i.HAL_UART_Transmit)
    i.HAL_UART_Transmit_DMA                  0x08002078   Section        0  stm32f1xx_hal_uart.o(i.HAL_UART_Transmit_DMA)
    i.HAL_UART_TxCpltCallback                0x080020f0   Section        0  stm32f1xx_hal_uart.o(i.HAL_UART_TxCpltCallback)
    i.HAL_UART_TxHalfCpltCallback            0x080020f2   Section        0  stm32f1xx_hal_uart.o(i.HAL_UART_TxHalfCpltCallback)
    i.HardFault_Handler                      0x080020f4   Section        0  stm32f1xx_it.o(i.HardFault_Handler)
    i.MX_DMA_Init                            0x080020f8   Section        0  dma.o(i.MX_DMA_Init)
    i.MX_GPIO_Init                           0x08002154   Section        0  gpio.o(i.MX_GPIO_Init)
    i.MX_TIM1_Init                           0x080021d8   Section        0  tim.o(i.MX_TIM1_Init)
    i.MX_TIM2_Init                           0x080022a4   Section        0  tim.o(i.MX_TIM2_Init)
    i.MX_TIM3_Init                           0x08002318   Section        0  tim.o(i.MX_TIM3_Init)
    i.MX_TIM4_Init                           0x08002384   Section        0  tim.o(i.MX_TIM4_Init)
    i.MX_USART1_UART_Init                    0x080023ec   Section        0  usart.o(i.MX_USART1_UART_Init)
    i.MX_USART2_UART_Init                    0x08002424   Section        0  usart.o(i.MX_USART2_UART_Init)
    i.MX_USART3_UART_Init                    0x0800245c   Section        0  usart.o(i.MX_USART3_UART_Init)
    i.MemManage_Handler                      0x08002494   Section        0  stm32f1xx_it.o(i.MemManage_Handler)
    i.NMEA_Comma_Pos                         0x08002496   Section        0  gps.o(i.NMEA_Comma_Pos)
    i.NMEA_GPGGA_Analysis                    0x080024c0   Section        0  gps.o(i.NMEA_GPGGA_Analysis)
    i.NMEA_GPGSA_Analysis                    0x08002504   Section        0  gps.o(i.NMEA_GPGSA_Analysis)
    i.NMEA_GPGSV_Analysis                    0x080025a0   Section        0  gps.o(i.NMEA_GPGSV_Analysis)
    i.NMEA_GPRMC_Analysis                    0x0800268c   Section        0  gps.o(i.NMEA_GPRMC_Analysis)
    i.NMEA_GPVTG_Analysis                    0x080028a8   Section        0  gps.o(i.NMEA_GPVTG_Analysis)
    i.NMEA_Pow                               0x080028f4   Section        0  gps.o(i.NMEA_Pow)
    i.NMEA_Str2num                           0x08002904   Section        0  gps.o(i.NMEA_Str2num)
    i.NMI_Handler                            0x080029c4   Section        0  stm32f1xx_it.o(i.NMI_Handler)
    i.PendSV_Handler                         0x080029c6   Section        0  stm32f1xx_it.o(i.PendSV_Handler)
    i.SVC_Handler                            0x080029c8   Section        0  stm32f1xx_it.o(i.SVC_Handler)
    i.SysTick_Handler                        0x080029cc   Section        0  stm32f1xx_it.o(i.SysTick_Handler)
    i.SystemClock_Config                     0x08002a18   Section        0  main.o(i.SystemClock_Config)
    i.SystemInit                             0x08002a76   Section        0  system_stm32f1xx.o(i.SystemInit)
    i.TDT_Loop                               0x08002a78   Section        0  schedule.o(i.TDT_Loop)
    i.TDT_Loop_10Hz                          0x08002ad4   Section        0  schedule.o(i.TDT_Loop_10Hz)
    i.TDT_Loop_20Hz                          0x08002af4   Section        0  schedule.o(i.TDT_Loop_20Hz)
    i.TIM1_UP_IRQHandler                     0x08002b04   Section        0  stm32f1xx_it.o(i.TIM1_UP_IRQHandler)
    i.TIM2_IRQHandler                        0x08002c08   Section        0  stm32f1xx_it.o(i.TIM2_IRQHandler)
    i.TIM3_IRQHandler                        0x08002c14   Section        0  stm32f1xx_it.o(i.TIM3_IRQHandler)
    i.TIM4_IRQHandler                        0x08002c40   Section        0  stm32f1xx_it.o(i.TIM4_IRQHandler)
    i.TIM_Base_SetConfig                     0x08002c4c   Section        0  stm32f1xx_hal_tim.o(i.TIM_Base_SetConfig)
    i.TIM_CCxChannelCmd                      0x08002cc4   Section        0  stm32f1xx_hal_tim.o(i.TIM_CCxChannelCmd)
    i.TIM_ETR_SetConfig                      0x08002cde   Section        0  stm32f1xx_hal_tim.o(i.TIM_ETR_SetConfig)
    i.TIM_ITRx_SetConfig                     0x08002cf2   Section        0  stm32f1xx_hal_tim.o(i.TIM_ITRx_SetConfig)
    TIM_ITRx_SetConfig                       0x08002cf3   Thumb Code    16  stm32f1xx_hal_tim.o(i.TIM_ITRx_SetConfig)
    i.TIM_OC1_SetConfig                      0x08002d04   Section        0  stm32f1xx_hal_tim.o(i.TIM_OC1_SetConfig)
    TIM_OC1_SetConfig                        0x08002d05   Thumb Code    74  stm32f1xx_hal_tim.o(i.TIM_OC1_SetConfig)
    i.TIM_OC2_SetConfig                      0x08002d54   Section        0  stm32f1xx_hal_tim.o(i.TIM_OC2_SetConfig)
    i.TIM_OC3_SetConfig                      0x08002dac   Section        0  stm32f1xx_hal_tim.o(i.TIM_OC3_SetConfig)
    TIM_OC3_SetConfig                        0x08002dad   Thumb Code    82  stm32f1xx_hal_tim.o(i.TIM_OC3_SetConfig)
    i.TIM_OC4_SetConfig                      0x08002e04   Section        0  stm32f1xx_hal_tim.o(i.TIM_OC4_SetConfig)
    TIM_OC4_SetConfig                        0x08002e05   Thumb Code    64  stm32f1xx_hal_tim.o(i.TIM_OC4_SetConfig)
    i.TIM_TI1_ConfigInputStage               0x08002e48   Section        0  stm32f1xx_hal_tim.o(i.TIM_TI1_ConfigInputStage)
    TIM_TI1_ConfigInputStage                 0x08002e49   Thumb Code    34  stm32f1xx_hal_tim.o(i.TIM_TI1_ConfigInputStage)
    i.TIM_TI2_ConfigInputStage               0x08002e6a   Section        0  stm32f1xx_hal_tim.o(i.TIM_TI2_ConfigInputStage)
    TIM_TI2_ConfigInputStage                 0x08002e6b   Thumb Code    36  stm32f1xx_hal_tim.o(i.TIM_TI2_ConfigInputStage)
    i.UART_DMAAbortOnError                   0x08002e8e   Section        0  stm32f1xx_hal_uart.o(i.UART_DMAAbortOnError)
    UART_DMAAbortOnError                     0x08002e8f   Thumb Code    16  stm32f1xx_hal_uart.o(i.UART_DMAAbortOnError)
    i.UART_DMAError                          0x08002e9e   Section        0  stm32f1xx_hal_uart.o(i.UART_DMAError)
    UART_DMAError                            0x08002e9f   Thumb Code    74  stm32f1xx_hal_uart.o(i.UART_DMAError)
    i.UART_DMAReceiveCplt                    0x08002ee8   Section        0  stm32f1xx_hal_uart.o(i.UART_DMAReceiveCplt)
    UART_DMAReceiveCplt                      0x08002ee9   Thumb Code   134  stm32f1xx_hal_uart.o(i.UART_DMAReceiveCplt)
    i.UART_DMARxHalfCplt                     0x08002f6e   Section        0  stm32f1xx_hal_uart.o(i.UART_DMARxHalfCplt)
    UART_DMARxHalfCplt                       0x08002f6f   Thumb Code    30  stm32f1xx_hal_uart.o(i.UART_DMARxHalfCplt)
    i.UART_DMATransmitCplt                   0x08002f8c   Section        0  stm32f1xx_hal_uart.o(i.UART_DMATransmitCplt)
    UART_DMATransmitCplt                     0x08002f8d   Thumb Code    66  stm32f1xx_hal_uart.o(i.UART_DMATransmitCplt)
    i.UART_DMATxHalfCplt                     0x08002fce   Section        0  stm32f1xx_hal_uart.o(i.UART_DMATxHalfCplt)
    UART_DMATxHalfCplt                       0x08002fcf   Thumb Code    10  stm32f1xx_hal_uart.o(i.UART_DMATxHalfCplt)
    i.UART_EndRxTransfer                     0x08002fd8   Section        0  stm32f1xx_hal_uart.o(i.UART_EndRxTransfer)
    UART_EndRxTransfer                       0x08002fd9   Thumb Code    78  stm32f1xx_hal_uart.o(i.UART_EndRxTransfer)
    i.UART_EndTxTransfer                     0x08003026   Section        0  stm32f1xx_hal_uart.o(i.UART_EndTxTransfer)
    UART_EndTxTransfer                       0x08003027   Thumb Code    28  stm32f1xx_hal_uart.o(i.UART_EndTxTransfer)
    i.UART_Receive_IT                        0x08003042   Section        0  stm32f1xx_hal_uart.o(i.UART_Receive_IT)
    UART_Receive_IT                          0x08003043   Thumb Code   194  stm32f1xx_hal_uart.o(i.UART_Receive_IT)
    i.UART_SetConfig                         0x08003104   Section        0  stm32f1xx_hal_uart.o(i.UART_SetConfig)
    UART_SetConfig                           0x08003105   Thumb Code   178  stm32f1xx_hal_uart.o(i.UART_SetConfig)
    i.UART_Start_Receive_DMA                 0x080031bc   Section        0  stm32f1xx_hal_uart.o(i.UART_Start_Receive_DMA)
    i.UART_Start_Receive_IT                  0x0800324c   Section        0  stm32f1xx_hal_uart.o(i.UART_Start_Receive_IT)
    i.UART_WaitOnFlagUntilTimeout            0x08003282   Section        0  stm32f1xx_hal_uart.o(i.UART_WaitOnFlagUntilTimeout)
    UART_WaitOnFlagUntilTimeout              0x08003283   Thumb Code   114  stm32f1xx_hal_uart.o(i.UART_WaitOnFlagUntilTimeout)
    i.USART1_IRQHandler                      0x080032f4   Section        0  stm32f1xx_it.o(i.USART1_IRQHandler)
    i.USART2_IRQHandler                      0x08003300   Section        0  stm32f1xx_it.o(i.USART2_IRQHandler)
    i.USART3_IRQHandler                      0x0800330c   Section        0  stm32f1xx_it.o(i.USART3_IRQHandler)
    i.UsageFault_Handler                     0x08003388   Section        0  stm32f1xx_it.o(i.UsageFault_Handler)
    i.__NVIC_SetPriority                     0x0800338a   Section        0  stm32f1xx_hal_cortex.o(i.__NVIC_SetPriority)
    __NVIC_SetPriority                       0x0800338b   Thumb Code    32  stm32f1xx_hal_cortex.o(i.__NVIC_SetPriority)
    i._is_digit                              0x080033aa   Section        0  __printf_wp.o(i._is_digit)
    i.checkNum                               0x080033b8   Section        0  stm32f1xx_it.o(i.checkNum)
    i.gps_read                               0x080033f4   Section        0  gps.o(i.gps_read)
    i.main                                   0x0800347c   Section        0  main.o(i.main)
    x$fpl$dfixu                              0x0800355c   Section       90  dfixu.o(x$fpl$dfixu)
    x$fpl$dfltu                              0x080035b6   Section       38  dflt_clz.o(x$fpl$dfltu)
    x$fpl$dmul                               0x080035dc   Section      340  dmul.o(x$fpl$dmul)
    x$fpl$dnaninf                            0x08003730   Section      156  dnaninf.o(x$fpl$dnaninf)
    x$fpl$dretinf                            0x080037cc   Section       12  dretinf.o(x$fpl$dretinf)
    x$fpl$fadd                               0x080037d8   Section      196  faddsub_clz.o(x$fpl$fadd)
    _fadd1                                   0x080037e7   Thumb Code     0  faddsub_clz.o(x$fpl$fadd)
    x$fpl$fdiv                               0x0800389c   Section      388  fdiv.o(x$fpl$fdiv)
    _fdiv1                                   0x0800389d   Thumb Code     0  fdiv.o(x$fpl$fdiv)
    x$fpl$ffixu                              0x08003a20   Section       62  ffixu.o(x$fpl$ffixu)
    x$fpl$ffltu                              0x08003a60   Section       38  fflt_clz.o(x$fpl$ffltu)
    x$fpl$fmul                               0x08003a88   Section      258  fmul.o(x$fpl$fmul)
    x$fpl$fnaninf                            0x08003b8a   Section      140  fnaninf.o(x$fpl$fnaninf)
    x$fpl$fretinf                            0x08003c16   Section       10  fretinf.o(x$fpl$fretinf)
    x$fpl$fsub                               0x08003c20   Section      234  faddsub_clz.o(x$fpl$fsub)
    _fsub1                                   0x08003c2f   Thumb Code     0  faddsub_clz.o(x$fpl$fsub)
    .constdata                               0x08003d0a   Section       18  stm32f1xx_hal_rcc.o(.constdata)
    x$fpl$usenofp                            0x08003d0a   Section        0  usenofp.o(x$fpl$usenofp)
    aPredivFactorTable                       0x08003d0a   Data           2  stm32f1xx_hal_rcc.o(.constdata)
    aPLLMULFactorTable                       0x08003d0c   Data          16  stm32f1xx_hal_rcc.o(.constdata)
    .constdata                               0x08003d1c   Section       16  system_stm32f1xx.o(.constdata)
    .constdata                               0x08003d2c   Section        8  system_stm32f1xx.o(.constdata)
    .constdata                               0x08003d34   Section      768  crc.o(.constdata)
    .constdata                               0x08004034   Section       40  _printf_hex_int.o(.constdata)
    uc_hextab                                0x08004034   Data          20  _printf_hex_int.o(.constdata)
    lc_hextab                                0x08004048   Data          20  _printf_hex_int.o(.constdata)
    .constdata                               0x0800405c   Section       17  __printf_flags_wp.o(.constdata)
    maptable                                 0x0800405c   Data          17  __printf_flags_wp.o(.constdata)
    .data                                    0x20000000   Section       35  stm32f1xx_it.o(.data)
    .data                                    0x20000024   Section       12  stm32f1xx_hal.o(.data)
    .data                                    0x20000030   Section        4  system_stm32f1xx.o(.data)
    .data                                    0x20000034   Section       25  gps.o(.data)
    .data                                    0x2000004e   Section        2  crc.o(.data)
    .bss                                     0x20000050   Section     2186  main.o(.bss)
    .bss                                     0x200008da   Section       16  main.o(.bss)
    .bss                                     0x200008ec   Section      288  tim.o(.bss)
    .bss                                     0x20000a0c   Section      488  usart.o(.bss)
    .bss                                     0x20000bf4   Section      218  stm32f1xx_it.o(.bss)
    infantrySchedule                         0x20000cbc   Data          18  stm32f1xx_it.o(.bss)
    .bss                                     0x20000cce   Section       14  gps.o(.bss)
    .bss                                     0x20000cdc   Section       96  libspace.o(.bss)
    HEAP                                     0x20000d40   Section      512  startup_stm32f103xb.o(HEAP)
    Heap_Mem                                 0x20000d40   Data         512  startup_stm32f103xb.o(HEAP)
    STACK                                    0x20000f40   Section     1024  startup_stm32f103xb.o(STACK)
    Stack_Mem                                0x20000f40   Data        1024  startup_stm32f103xb.o(STACK)
    __initial_sp                             0x20001340   Data           0  startup_stm32f103xb.o(STACK)

    Global Symbols

    Symbol Name                              Value     Ov Type        Size  Object(Section)

    BuildAttributes$$THM_ISAv4$P$D$K$B$S$PE$A:L22UL41UL21$X:L11$S22US41US21$IEEE1$IW$USESV6$~STKCKD$USESV7$~SHL$OSPACE$ROPI$EBA8$UX$STANDARDLIB$REQ8$PRES8$EABIv2 0x00000000   Number         0  anon$$obj.o ABSOLUTE
    __ARM_use_no_argv                        0x00000000   Number         0  main.o ABSOLUTE
    _printf_flags                            0x00000000   Number         0  printf_stubs.o ABSOLUTE
    _printf_return_value                     0x00000000   Number         0  printf_stubs.o ABSOLUTE
    _printf_sizespec                         0x00000000   Number         0  printf_stubs.o ABSOLUTE
    _printf_widthprec                        0x00000000   Number         0  printf_stubs.o ABSOLUTE
    __ARM_exceptions_init                     - Undefined Weak Reference
    __alloca_initialize                       - Undefined Weak Reference
    __arm_fini_                               - Undefined Weak Reference
    __arm_preinit_                            - Undefined Weak Reference
    __cpp_initialize__aeabi_                  - Undefined Weak Reference
    __cxa_finalize                            - Undefined Weak Reference
    __sigvec_lookup                           - Undefined Weak Reference
    _atexit_init                              - Undefined Weak Reference
    _call_atexit_fns                          - Undefined Weak Reference
    _clock_init                               - Undefined Weak Reference
    _fp_trap_init                             - Undefined Weak Reference
    _fp_trap_shutdown                         - Undefined Weak Reference
    _get_lc_collate                           - Undefined Weak Reference
    _get_lc_monetary                          - Undefined Weak Reference
    _get_lc_numeric                           - Undefined Weak Reference
    _get_lc_time                              - Undefined Weak Reference
    _getenv_init                              - Undefined Weak Reference
    _handle_redirection                       - Undefined Weak Reference
    _init_alloc                               - Undefined Weak Reference
    _init_user_alloc                          - Undefined Weak Reference
    _initio                                   - Undefined Weak Reference
    _printf_mbtowc                            - Undefined Weak Reference
    _printf_truncate_signed                   - Undefined Weak Reference
    _printf_truncate_unsigned                 - Undefined Weak Reference
    _rand_init                                - Undefined Weak Reference
    _signal_finish                            - Undefined Weak Reference
    _signal_init                              - Undefined Weak Reference
    _terminate_alloc                          - Undefined Weak Reference
    _terminate_user_alloc                     - Undefined Weak Reference
    _terminateio                              - Undefined Weak Reference
    __Vectors_Size                           0x000000ec   Number         0  startup_stm32f103xb.o ABSOLUTE
    __Vectors                                0x08000000   Data           4  startup_stm32f103xb.o(RESET)
    __Vectors_End                            0x080000ec   Data           0  startup_stm32f103xb.o(RESET)
    __main                                   0x080000ed   Thumb Code     8  __main.o(!!!main)
    __scatterload                            0x080000f5   Thumb Code     0  __scatter.o(!!!scatter)
    __scatterload_rt2                        0x080000f5   Thumb Code    44  __scatter.o(!!!scatter)
    __scatterload_rt2_thumb_only             0x080000f5   Thumb Code     0  __scatter.o(!!!scatter)
    __scatterload_null                       0x08000103   Thumb Code     0  __scatter.o(!!!scatter)
    __scatterload_copy                       0x08000129   Thumb Code    26  __scatter_copy.o(!!handler_copy)
    __scatterload_zeroinit                   0x08000145   Thumb Code    28  __scatter_zi.o(!!handler_zi)
    _printf_d                                0x08000161   Thumb Code     0  _printf_d.o(.ARM.Collect$$_printf_percent$$00000009)
    _printf_percent                          0x08000161   Thumb Code     0  _printf_percent.o(.ARM.Collect$$_printf_percent$$00000000)
    _printf_x                                0x08000167   Thumb Code     0  _printf_x.o(.ARM.Collect$$_printf_percent$$0000000C)
    _printf_s                                0x0800016d   Thumb Code     0  _printf_s.o(.ARM.Collect$$_printf_percent$$00000014)
    _printf_percent_end                      0x08000173   Thumb Code     0  _printf_percent_end.o(.ARM.Collect$$_printf_percent$$00000017)
    __rt_lib_init                            0x08000177   Thumb Code     0  libinit.o(.ARM.Collect$$libinit$$00000000)
    __rt_lib_init_alloca_1                   0x08000179   Thumb Code     0  libinit2.o(.ARM.Collect$$libinit$$0000002E)
    __rt_lib_init_argv_1                     0x08000179   Thumb Code     0  libinit2.o(.ARM.Collect$$libinit$$0000002C)
    __rt_lib_init_atexit_1                   0x08000179   Thumb Code     0  libinit2.o(.ARM.Collect$$libinit$$0000001B)
    __rt_lib_init_clock_1                    0x08000179   Thumb Code     0  libinit2.o(.ARM.Collect$$libinit$$00000021)
    __rt_lib_init_cpp_1                      0x08000179   Thumb Code     0  libinit2.o(.ARM.Collect$$libinit$$00000032)
    __rt_lib_init_exceptions_1               0x08000179   Thumb Code     0  libinit2.o(.ARM.Collect$$libinit$$00000030)
    __rt_lib_init_fp_1                       0x08000179   Thumb Code     0  libinit2.o(.ARM.Collect$$libinit$$00000002)
    __rt_lib_init_fp_trap_1                  0x08000179   Thumb Code     0  libinit2.o(.ARM.Collect$$libinit$$0000001F)
    __rt_lib_init_getenv_1                   0x08000179   Thumb Code     0  libinit2.o(.ARM.Collect$$libinit$$00000023)
    __rt_lib_init_heap_1                     0x08000179   Thumb Code     0  libinit2.o(.ARM.Collect$$libinit$$0000000A)
    __rt_lib_init_lc_collate_1               0x08000179   Thumb Code     0  libinit2.o(.ARM.Collect$$libinit$$00000011)
    __rt_lib_init_lc_ctype_1                 0x08000179   Thumb Code     0  libinit2.o(.ARM.Collect$$libinit$$00000013)
    __rt_lib_init_lc_monetary_1              0x08000179   Thumb Code     0  libinit2.o(.ARM.Collect$$libinit$$00000015)
    __rt_lib_init_lc_numeric_1               0x08000179   Thumb Code     0  libinit2.o(.ARM.Collect$$libinit$$00000017)
    __rt_lib_init_lc_time_1                  0x08000179   Thumb Code     0  libinit2.o(.ARM.Collect$$libinit$$00000019)
    __rt_lib_init_preinit_1                  0x08000179   Thumb Code     0  libinit2.o(.ARM.Collect$$libinit$$00000004)
    __rt_lib_init_rand_1                     0x08000179   Thumb Code     0  libinit2.o(.ARM.Collect$$libinit$$0000000E)
    __rt_lib_init_return                     0x08000179   Thumb Code     0  libinit2.o(.ARM.Collect$$libinit$$00000033)
    __rt_lib_init_signal_1                   0x08000179   Thumb Code     0  libinit2.o(.ARM.Collect$$libinit$$0000001D)
    __rt_lib_init_stdio_1                    0x08000179   Thumb Code     0  libinit2.o(.ARM.Collect$$libinit$$00000025)
    __rt_lib_init_user_alloc_1               0x08000179   Thumb Code     0  libinit2.o(.ARM.Collect$$libinit$$0000000C)
    __rt_lib_shutdown                        0x0800017b   Thumb Code     0  libshutdown.o(.ARM.Collect$$libshutdown$$00000000)
    __rt_lib_shutdown_cpp_1                  0x0800017d   Thumb Code     0  libshutdown2.o(.ARM.Collect$$libshutdown$$00000004)
    __rt_lib_shutdown_fini_1                 0x0800017d   Thumb Code     0  libshutdown2.o(.ARM.Collect$$libshutdown$$00000002)
    __rt_lib_shutdown_fp_trap_1              0x0800017d   Thumb Code     0  libshutdown2.o(.ARM.Collect$$libshutdown$$00000009)
    __rt_lib_shutdown_heap_1                 0x0800017d   Thumb Code     0  libshutdown2.o(.ARM.Collect$$libshutdown$$00000011)
    __rt_lib_shutdown_return                 0x0800017d   Thumb Code     0  libshutdown2.o(.ARM.Collect$$libshutdown$$00000012)
    __rt_lib_shutdown_signal_1               0x0800017d   Thumb Code     0  libshutdown2.o(.ARM.Collect$$libshutdown$$0000000C)
    __rt_lib_shutdown_stdio_1                0x0800017d   Thumb Code     0  libshutdown2.o(.ARM.Collect$$libshutdown$$00000006)
    __rt_lib_shutdown_user_alloc_1           0x0800017d   Thumb Code     0  libshutdown2.o(.ARM.Collect$$libshutdown$$0000000E)
    __rt_entry                               0x0800017f   Thumb Code     0  __rtentry.o(.ARM.Collect$$rtentry$$00000000)
    __rt_entry_presh_1                       0x0800017f   Thumb Code     0  __rtentry2.o(.ARM.Collect$$rtentry$$00000002)
    __rt_entry_sh                            0x0800017f   Thumb Code     0  __rtentry4.o(.ARM.Collect$$rtentry$$00000004)
    __rt_entry_li                            0x08000185   Thumb Code     0  __rtentry2.o(.ARM.Collect$$rtentry$$0000000A)
    __rt_entry_postsh_1                      0x08000185   Thumb Code     0  __rtentry2.o(.ARM.Collect$$rtentry$$00000009)
    __rt_entry_main                          0x08000189   Thumb Code     0  __rtentry2.o(.ARM.Collect$$rtentry$$0000000D)
    __rt_entry_postli_1                      0x08000189   Thumb Code     0  __rtentry2.o(.ARM.Collect$$rtentry$$0000000C)
    __rt_exit                                0x08000191   Thumb Code     0  rtexit.o(.ARM.Collect$$rtexit$$00000000)
    __rt_exit_ls                             0x08000193   Thumb Code     0  rtexit2.o(.ARM.Collect$$rtexit$$00000003)
    __rt_exit_prels_1                        0x08000193   Thumb Code     0  rtexit2.o(.ARM.Collect$$rtexit$$00000002)
    __rt_exit_exit                           0x08000197   Thumb Code     0  rtexit2.o(.ARM.Collect$$rtexit$$00000004)
    Reset_Handler                            0x0800019d   Thumb Code     8  startup_stm32f103xb.o(.text)
    ADC1_2_IRQHandler                        0x080001b7   Thumb Code     0  startup_stm32f103xb.o(.text)
    CAN1_RX1_IRQHandler                      0x080001b7   Thumb Code     0  startup_stm32f103xb.o(.text)
    CAN1_SCE_IRQHandler                      0x080001b7   Thumb Code     0  startup_stm32f103xb.o(.text)
    DMA1_Channel1_IRQHandler                 0x080001b7   Thumb Code     0  startup_stm32f103xb.o(.text)
    DMA1_Channel4_IRQHandler                 0x080001b7   Thumb Code     0  startup_stm32f103xb.o(.text)
    DMA1_Channel5_IRQHandler                 0x080001b7   Thumb Code     0  startup_stm32f103xb.o(.text)
    EXTI0_IRQHandler                         0x080001b7   Thumb Code     0  startup_stm32f103xb.o(.text)
    EXTI15_10_IRQHandler                     0x080001b7   Thumb Code     0  startup_stm32f103xb.o(.text)
    EXTI1_IRQHandler                         0x080001b7   Thumb Code     0  startup_stm32f103xb.o(.text)
    EXTI2_IRQHandler                         0x080001b7   Thumb Code     0  startup_stm32f103xb.o(.text)
    EXTI3_IRQHandler                         0x080001b7   Thumb Code     0  startup_stm32f103xb.o(.text)
    EXTI4_IRQHandler                         0x080001b7   Thumb Code     0  startup_stm32f103xb.o(.text)
    EXTI9_5_IRQHandler                       0x080001b7   Thumb Code     0  startup_stm32f103xb.o(.text)
    FLASH_IRQHandler                         0x080001b7   Thumb Code     0  startup_stm32f103xb.o(.text)
    I2C1_ER_IRQHandler                       0x080001b7   Thumb Code     0  startup_stm32f103xb.o(.text)
    I2C1_EV_IRQHandler                       0x080001b7   Thumb Code     0  startup_stm32f103xb.o(.text)
    I2C2_ER_IRQHandler                       0x080001b7   Thumb Code     0  startup_stm32f103xb.o(.text)
    I2C2_EV_IRQHandler                       0x080001b7   Thumb Code     0  startup_stm32f103xb.o(.text)
    PVD_IRQHandler                           0x080001b7   Thumb Code     0  startup_stm32f103xb.o(.text)
    RCC_IRQHandler                           0x080001b7   Thumb Code     0  startup_stm32f103xb.o(.text)
    RTC_Alarm_IRQHandler                     0x080001b7   Thumb Code     0  startup_stm32f103xb.o(.text)
    RTC_IRQHandler                           0x080001b7   Thumb Code     0  startup_stm32f103xb.o(.text)
    SPI1_IRQHandler                          0x080001b7   Thumb Code     0  startup_stm32f103xb.o(.text)
    SPI2_IRQHandler                          0x080001b7   Thumb Code     0  startup_stm32f103xb.o(.text)
    TAMPER_IRQHandler                        0x080001b7   Thumb Code     0  startup_stm32f103xb.o(.text)
    TIM1_BRK_IRQHandler                      0x080001b7   Thumb Code     0  startup_stm32f103xb.o(.text)
    TIM1_CC_IRQHandler                       0x080001b7   Thumb Code     0  startup_stm32f103xb.o(.text)
    TIM1_TRG_COM_IRQHandler                  0x080001b7   Thumb Code     0  startup_stm32f103xb.o(.text)
    USBWakeUp_IRQHandler                     0x080001b7   Thumb Code     0  startup_stm32f103xb.o(.text)
    USB_HP_CAN1_TX_IRQHandler                0x080001b7   Thumb Code     0  startup_stm32f103xb.o(.text)
    USB_LP_CAN1_RX0_IRQHandler               0x080001b7   Thumb Code     0  startup_stm32f103xb.o(.text)
    WWDG_IRQHandler                          0x080001b7   Thumb Code     0  startup_stm32f103xb.o(.text)
    __user_initial_stackheap                 0x080001b9   Thumb Code     0  startup_stm32f103xb.o(.text)
    __2sprintf                               0x080001dd   Thumb Code    34  noretval__2sprintf.o(.text)
    _printf_pre_padding                      0x08000205   Thumb Code    44  _printf_pad.o(.text)
    _printf_post_padding                     0x08000231   Thumb Code    34  _printf_pad.o(.text)
    _printf_str                              0x08000253   Thumb Code    82  _printf_str.o(.text)
    _printf_int_dec                          0x080002a5   Thumb Code   104  _printf_dec.o(.text)
    _printf_int_hex                          0x0800031d   Thumb Code    84  _printf_hex_int.o(.text)
    _printf_longlong_hex                     0x0800031d   Thumb Code     0  _printf_hex_int.o(.text)
    __printf                                 0x08000375   Thumb Code   308  __printf_flags_wp.o(.text)
    strstr                                   0x080004ad   Thumb Code    36  strstr.o(.text)
    strcpy                                   0x080004d1   Thumb Code    72  strcpy.o(.text)
    __aeabi_memclr4                          0x08000519   Thumb Code     0  rt_memclr_w.o(.text)
    __aeabi_memclr8                          0x08000519   Thumb Code     0  rt_memclr_w.o(.text)
    __rt_memclr_w                            0x08000519   Thumb Code    78  rt_memclr_w.o(.text)
    _memset_w                                0x0800051d   Thumb Code     0  rt_memclr_w.o(.text)
    __use_two_region_memory                  0x08000567   Thumb Code     2  heapauxi.o(.text)
    __rt_heap_escrow$2region                 0x08000569   Thumb Code     2  heapauxi.o(.text)
    __rt_heap_expand$2region                 0x0800056b   Thumb Code     2  heapauxi.o(.text)
    _printf_int_common                       0x0800056d   Thumb Code   178  _printf_intcommon.o(.text)
    _printf_char_common                      0x0800062b   Thumb Code    32  _printf_char_common.o(.text)
    _sputc                                   0x08000651   Thumb Code    10  _sputc.o(.text)
    _printf_cs_common                        0x0800065b   Thumb Code    20  _printf_char.o(.text)
    _printf_char                             0x0800066f   Thumb Code    16  _printf_char.o(.text)
    _printf_string                           0x0800067f   Thumb Code     8  _printf_char.o(.text)
    __user_libspace                          0x08000689   Thumb Code     8  libspace.o(.text)
    __user_perproc_libspace                  0x08000689   Thumb Code     0  libspace.o(.text)
    __user_perthread_libspace                0x08000689   Thumb Code     0  libspace.o(.text)
    __user_setup_stackheap                   0x08000691   Thumb Code    74  sys_stackheap_outer.o(.text)
    exit                                     0x080006db   Thumb Code    18  exit.o(.text)
    _sys_exit                                0x080006ed   Thumb Code     8  sys_exit.o(.text)
    __I$use$semihosting                      0x080006f9   Thumb Code     0  use_no_semi.o(.text)
    __use_no_semihosting_swi                 0x080006f9   Thumb Code     2  use_no_semi.o(.text)
    __semihosting_library_function           0x080006fb   Thumb Code     0  indicate_semi.o(.text)
    Append_CRC16_Check_Sum                   0x080006fd   Thumb Code    36  crc.o(i.Append_CRC16_Check_Sum)
    BusFault_Handler                         0x08000725   Thumb Code     2  stm32f1xx_it.o(i.BusFault_Handler)
    DMA1_Channel2_IRQHandler                 0x08000729   Thumb Code     6  stm32f1xx_it.o(i.DMA1_Channel2_IRQHandler)
    DMA1_Channel3_IRQHandler                 0x08000735   Thumb Code     6  stm32f1xx_it.o(i.DMA1_Channel3_IRQHandler)
    DMA1_Channel6_IRQHandler                 0x08000741   Thumb Code     6  stm32f1xx_it.o(i.DMA1_Channel6_IRQHandler)
    DMA1_Channel7_IRQHandler                 0x0800074d   Thumb Code     6  stm32f1xx_it.o(i.DMA1_Channel7_IRQHandler)
    DebugMon_Handler                         0x08000783   Thumb Code     2  stm32f1xx_it.o(i.DebugMon_Handler)
    Error_Handler                            0x08000785   Thumb Code     4  main.o(i.Error_Handler)
    GPS_Analysis                             0x08000789   Thumb Code    50  gps.o(i.GPS_Analysis)
    Get_CRC16_Check_Sum                      0x080007c1   Thumb Code    38  crc.o(i.Get_CRC16_Check_Sum)
    HAL_DMA_Abort                            0x080007ed   Thumb Code    70  stm32f1xx_hal_dma.o(i.HAL_DMA_Abort)
    HAL_DMA_Abort_IT                         0x08000835   Thumb Code   148  stm32f1xx_hal_dma.o(i.HAL_DMA_Abort_IT)
    HAL_DMA_IRQHandler                       0x080008cd   Thumb Code   316  stm32f1xx_hal_dma.o(i.HAL_DMA_IRQHandler)
    HAL_DMA_Init                             0x08000a21   Thumb Code    84  stm32f1xx_hal_dma.o(i.HAL_DMA_Init)
    HAL_DMA_Start_IT                         0x08000a7d   Thumb Code   112  stm32f1xx_hal_dma.o(i.HAL_DMA_Start_IT)
    HAL_Delay                                0x08000aed   Thumb Code    32  stm32f1xx_hal.o(i.HAL_Delay)
    HAL_GPIO_Init                            0x08000b11   Thumb Code   446  stm32f1xx_hal_gpio.o(i.HAL_GPIO_Init)
    HAL_GPIO_WritePin                        0x08000cf1   Thumb Code    10  stm32f1xx_hal_gpio.o(i.HAL_GPIO_WritePin)
    HAL_GetTick                              0x08000cfd   Thumb Code     6  stm32f1xx_hal.o(i.HAL_GetTick)
    HAL_IncTick                              0x08000d09   Thumb Code    12  stm32f1xx_hal.o(i.HAL_IncTick)
    HAL_Init                                 0x08000d19   Thumb Code    32  stm32f1xx_hal.o(i.HAL_Init)
    HAL_InitTick                             0x08000d3d   Thumb Code    54  stm32f1xx_hal.o(i.HAL_InitTick)
    HAL_MspInit                              0x08000d7d   Thumb Code    52  stm32f1xx_hal_msp.o(i.HAL_MspInit)
    HAL_NVIC_EnableIRQ                       0x08000db9   Thumb Code    26  stm32f1xx_hal_cortex.o(i.HAL_NVIC_EnableIRQ)
    HAL_NVIC_SetPriority                     0x08000dd5   Thumb Code    60  stm32f1xx_hal_cortex.o(i.HAL_NVIC_SetPriority)
    HAL_NVIC_SetPriorityGrouping             0x08000e15   Thumb Code    26  stm32f1xx_hal_cortex.o(i.HAL_NVIC_SetPriorityGrouping)
    HAL_RCC_ClockConfig                      0x08000e39   Thumb Code   280  stm32f1xx_hal_rcc.o(i.HAL_RCC_ClockConfig)
    HAL_RCC_GetPCLK1Freq                     0x08000f65   Thumb Code    20  stm32f1xx_hal_rcc.o(i.HAL_RCC_GetPCLK1Freq)
    HAL_RCC_GetPCLK2Freq                     0x08000f85   Thumb Code    20  stm32f1xx_hal_rcc.o(i.HAL_RCC_GetPCLK2Freq)
    HAL_RCC_GetSysClockFreq                  0x08000fa5   Thumb Code    58  stm32f1xx_hal_rcc.o(i.HAL_RCC_GetSysClockFreq)
    HAL_RCC_OscConfig                        0x08000ff1   Thumb Code   778  stm32f1xx_hal_rcc.o(i.HAL_RCC_OscConfig)
    HAL_SYSTICK_Config                       0x08001311   Thumb Code    40  stm32f1xx_hal_cortex.o(i.HAL_SYSTICK_Config)
    HAL_TIMEx_BreakCallback                  0x08001339   Thumb Code     2  stm32f1xx_hal_tim_ex.o(i.HAL_TIMEx_BreakCallback)
    HAL_TIMEx_CommutCallback                 0x0800133b   Thumb Code     2  stm32f1xx_hal_tim_ex.o(i.HAL_TIMEx_CommutCallback)
    HAL_TIMEx_ConfigBreakDeadTime            0x0800133d   Thumb Code    84  stm32f1xx_hal_tim_ex.o(i.HAL_TIMEx_ConfigBreakDeadTime)
    HAL_TIMEx_MasterConfigSynchronization    0x08001391   Thumb Code    92  stm32f1xx_hal_tim_ex.o(i.HAL_TIMEx_MasterConfigSynchronization)
    HAL_TIM_Base_Init                        0x080013f9   Thumb Code    90  stm32f1xx_hal_tim.o(i.HAL_TIM_Base_Init)
    HAL_TIM_Base_MspInit                     0x08001455   Thumb Code   122  tim.o(i.HAL_TIM_Base_MspInit)
    HAL_TIM_Base_Start                       0x080014e1   Thumb Code    66  stm32f1xx_hal_tim.o(i.HAL_TIM_Base_Start)
    HAL_TIM_Base_Start_IT                    0x08001531   Thumb Code    76  stm32f1xx_hal_tim.o(i.HAL_TIM_Base_Start_IT)
    HAL_TIM_Base_Stop_IT                     0x08001589   Thumb Code    48  stm32f1xx_hal_tim.o(i.HAL_TIM_Base_Stop_IT)
    HAL_TIM_ConfigClockSource                0x080015b9   Thumb Code   220  stm32f1xx_hal_tim.o(i.HAL_TIM_ConfigClockSource)
    HAL_TIM_IC_CaptureCallback               0x08001695   Thumb Code     2  stm32f1xx_hal_tim.o(i.HAL_TIM_IC_CaptureCallback)
    HAL_TIM_IRQHandler                       0x08001697   Thumb Code   304  stm32f1xx_hal_tim.o(i.HAL_TIM_IRQHandler)
    HAL_TIM_MspPostInit                      0x080017c9   Thumb Code    92  tim.o(i.HAL_TIM_MspPostInit)
    HAL_TIM_OC_DelayElapsedCallback          0x08001831   Thumb Code     2  stm32f1xx_hal_tim.o(i.HAL_TIM_OC_DelayElapsedCallback)
    HAL_TIM_PWM_ConfigChannel                0x08001833   Thumb Code   204  stm32f1xx_hal_tim.o(i.HAL_TIM_PWM_ConfigChannel)
    HAL_TIM_PWM_Init                         0x080018ff   Thumb Code    90  stm32f1xx_hal_tim.o(i.HAL_TIM_PWM_Init)
    HAL_TIM_PWM_MspInit                      0x08001959   Thumb Code    50  tim.o(i.HAL_TIM_PWM_MspInit)
    HAL_TIM_PWM_PulseFinishedCallback        0x08001991   Thumb Code     2  stm32f1xx_hal_tim.o(i.HAL_TIM_PWM_PulseFinishedCallback)
    HAL_TIM_PWM_Start                        0x08001995   Thumb Code   144  stm32f1xx_hal_tim.o(i.HAL_TIM_PWM_Start)
    HAL_TIM_PeriodElapsedCallback            0x08001a31   Thumb Code    26  main.o(i.HAL_TIM_PeriodElapsedCallback)
    HAL_TIM_TriggerCallback                  0x08001a59   Thumb Code     2  stm32f1xx_hal_tim.o(i.HAL_TIM_TriggerCallback)
    HAL_UARTEx_RxEventCallback               0x08001a5b   Thumb Code     2  stm32f1xx_hal_uart.o(i.HAL_UARTEx_RxEventCallback)
    HAL_UART_DMAStop                         0x08001a5d   Thumb Code   112  stm32f1xx_hal_uart.o(i.HAL_UART_DMAStop)
    HAL_UART_ErrorCallback                   0x08001acd   Thumb Code     2  stm32f1xx_hal_uart.o(i.HAL_UART_ErrorCallback)
    HAL_UART_IRQHandler                      0x08001ad1   Thumb Code   616  stm32f1xx_hal_uart.o(i.HAL_UART_IRQHandler)
    HAL_UART_Init                            0x08001d3d   Thumb Code   100  stm32f1xx_hal_uart.o(i.HAL_UART_Init)
    HAL_UART_MspInit                         0x08001da1   Thumb Code   476  usart.o(i.HAL_UART_MspInit)
    HAL_UART_Receive_DMA                     0x08001f9d   Thumb Code    28  stm32f1xx_hal_uart.o(i.HAL_UART_Receive_DMA)
    HAL_UART_Receive_IT                      0x08001fb9   Thumb Code    28  stm32f1xx_hal_uart.o(i.HAL_UART_Receive_IT)
    HAL_UART_RxCpltCallback                  0x08001fd5   Thumb Code     2  stm32f1xx_hal_uart.o(i.HAL_UART_RxCpltCallback)
    HAL_UART_RxHalfCpltCallback              0x08001fd7   Thumb Code     2  stm32f1xx_hal_uart.o(i.HAL_UART_RxHalfCpltCallback)
    HAL_UART_Transmit                        0x08001fd9   Thumb Code   160  stm32f1xx_hal_uart.o(i.HAL_UART_Transmit)
    HAL_UART_Transmit_DMA                    0x08002079   Thumb Code   106  stm32f1xx_hal_uart.o(i.HAL_UART_Transmit_DMA)
    HAL_UART_TxCpltCallback                  0x080020f1   Thumb Code     2  stm32f1xx_hal_uart.o(i.HAL_UART_TxCpltCallback)
    HAL_UART_TxHalfCpltCallback              0x080020f3   Thumb Code     2  stm32f1xx_hal_uart.o(i.HAL_UART_TxHalfCpltCallback)
    HardFault_Handler                        0x080020f5   Thumb Code     2  stm32f1xx_it.o(i.HardFault_Handler)
    MX_DMA_Init                              0x080020f9   Thumb Code    88  dma.o(i.MX_DMA_Init)
    MX_GPIO_Init                             0x08002155   Thumb Code   118  gpio.o(i.MX_GPIO_Init)
    MX_TIM1_Init                             0x080021d9   Thumb Code   194  tim.o(i.MX_TIM1_Init)
    MX_TIM2_Init                             0x080022a5   Thumb Code   112  tim.o(i.MX_TIM2_Init)
    MX_TIM3_Init                             0x08002319   Thumb Code    98  tim.o(i.MX_TIM3_Init)
    MX_TIM4_Init                             0x08002385   Thumb Code    96  tim.o(i.MX_TIM4_Init)
    MX_USART1_UART_Init                      0x080023ed   Thumb Code    48  usart.o(i.MX_USART1_UART_Init)
    MX_USART2_UART_Init                      0x08002425   Thumb Code    48  usart.o(i.MX_USART2_UART_Init)
    MX_USART3_UART_Init                      0x0800245d   Thumb Code    48  usart.o(i.MX_USART3_UART_Init)
    MemManage_Handler                        0x08002495   Thumb Code     2  stm32f1xx_it.o(i.MemManage_Handler)
    NMEA_Comma_Pos                           0x08002497   Thumb Code    42  gps.o(i.NMEA_Comma_Pos)
    NMEA_GPGGA_Analysis                      0x080024c1   Thumb Code    62  gps.o(i.NMEA_GPGGA_Analysis)
    NMEA_GPGSA_Analysis                      0x08002505   Thumb Code   150  gps.o(i.NMEA_GPGSA_Analysis)
    NMEA_GPGSV_Analysis                      0x080025a1   Thumb Code   228  gps.o(i.NMEA_GPGSV_Analysis)
    NMEA_GPRMC_Analysis                      0x0800268d   Thumb Code   522  gps.o(i.NMEA_GPRMC_Analysis)
    NMEA_GPVTG_Analysis                      0x080028a9   Thumb Code    68  gps.o(i.NMEA_GPVTG_Analysis)
    NMEA_Pow                                 0x080028f5   Thumb Code    16  gps.o(i.NMEA_Pow)
    NMEA_Str2num                             0x08002905   Thumb Code   192  gps.o(i.NMEA_Str2num)
    NMI_Handler                              0x080029c5   Thumb Code     2  stm32f1xx_it.o(i.NMI_Handler)
    PendSV_Handler                           0x080029c7   Thumb Code     2  stm32f1xx_it.o(i.PendSV_Handler)
    SVC_Handler                              0x080029c9   Thumb Code     2  stm32f1xx_it.o(i.SVC_Handler)
    SysTick_Handler                          0x080029cd   Thumb Code    70  stm32f1xx_it.o(i.SysTick_Handler)
    SystemClock_Config                       0x08002a19   Thumb Code    94  main.o(i.SystemClock_Config)
    SystemInit                               0x08002a77   Thumb Code     2  system_stm32f1xx.o(i.SystemInit)
    TDT_Loop                                 0x08002a79   Thumb Code    90  schedule.o(i.TDT_Loop)
    TDT_Loop_10Hz                            0x08002ad5   Thumb Code    24  schedule.o(i.TDT_Loop_10Hz)
    TDT_Loop_20Hz                            0x08002af5   Thumb Code     8  schedule.o(i.TDT_Loop_20Hz)
    TIM1_UP_IRQHandler                       0x08002b05   Thumb Code   144  stm32f1xx_it.o(i.TIM1_UP_IRQHandler)
    TIM2_IRQHandler                          0x08002c09   Thumb Code     6  stm32f1xx_it.o(i.TIM2_IRQHandler)
    TIM3_IRQHandler                          0x08002c15   Thumb Code    34  stm32f1xx_it.o(i.TIM3_IRQHandler)
    TIM4_IRQHandler                          0x08002c41   Thumb Code     6  stm32f1xx_it.o(i.TIM4_IRQHandler)
    TIM_Base_SetConfig                       0x08002c4d   Thumb Code   108  stm32f1xx_hal_tim.o(i.TIM_Base_SetConfig)
    TIM_CCxChannelCmd                        0x08002cc5   Thumb Code    26  stm32f1xx_hal_tim.o(i.TIM_CCxChannelCmd)
    TIM_ETR_SetConfig                        0x08002cdf   Thumb Code    20  stm32f1xx_hal_tim.o(i.TIM_ETR_SetConfig)
    TIM_OC2_SetConfig                        0x08002d55   Thumb Code    84  stm32f1xx_hal_tim.o(i.TIM_OC2_SetConfig)
    UART_Start_Receive_DMA                   0x080031bd   Thumb Code   130  stm32f1xx_hal_uart.o(i.UART_Start_Receive_DMA)
    UART_Start_Receive_IT                    0x0800324d   Thumb Code    54  stm32f1xx_hal_uart.o(i.UART_Start_Receive_IT)
    USART1_IRQHandler                        0x080032f5   Thumb Code     6  stm32f1xx_it.o(i.USART1_IRQHandler)
    USART2_IRQHandler                        0x08003301   Thumb Code     6  stm32f1xx_it.o(i.USART2_IRQHandler)
    USART3_IRQHandler                        0x0800330d   Thumb Code   108  stm32f1xx_it.o(i.USART3_IRQHandler)
    UsageFault_Handler                       0x08003389   Thumb Code     2  stm32f1xx_it.o(i.UsageFault_Handler)
    _is_digit                                0x080033ab   Thumb Code    14  __printf_wp.o(i._is_digit)
    checkNum                                 0x080033b9   Thumb Code    54  stm32f1xx_it.o(i.checkNum)
    gps_read                                 0x080033f5   Thumb Code   130  gps.o(i.gps_read)
    main                                     0x0800347d   Thumb Code   188  main.o(i.main)
    __aeabi_d2uiz                            0x0800355d   Thumb Code     0  dfixu.o(x$fpl$dfixu)
    _dfixu                                   0x0800355d   Thumb Code    90  dfixu.o(x$fpl$dfixu)
    __aeabi_ui2d                             0x080035b7   Thumb Code     0  dflt_clz.o(x$fpl$dfltu)
    _dfltu                                   0x080035b7   Thumb Code    38  dflt_clz.o(x$fpl$dfltu)
    __aeabi_dmul                             0x080035dd   Thumb Code     0  dmul.o(x$fpl$dmul)
    _dmul                                    0x080035dd   Thumb Code   332  dmul.o(x$fpl$dmul)
    __fpl_dnaninf                            0x08003731   Thumb Code   156  dnaninf.o(x$fpl$dnaninf)
    __fpl_dretinf                            0x080037cd   Thumb Code    12  dretinf.o(x$fpl$dretinf)
    __aeabi_fadd                             0x080037d9   Thumb Code     0  faddsub_clz.o(x$fpl$fadd)
    _fadd                                    0x080037d9   Thumb Code   196  faddsub_clz.o(x$fpl$fadd)
    __aeabi_fdiv                             0x0800389d   Thumb Code     0  fdiv.o(x$fpl$fdiv)
    _fdiv                                    0x0800389d   Thumb Code   384  fdiv.o(x$fpl$fdiv)
    __aeabi_f2uiz                            0x08003a21   Thumb Code     0  ffixu.o(x$fpl$ffixu)
    _ffixu                                   0x08003a21   Thumb Code    62  ffixu.o(x$fpl$ffixu)
    __aeabi_ui2f                             0x08003a61   Thumb Code     0  fflt_clz.o(x$fpl$ffltu)
    _ffltu                                   0x08003a61   Thumb Code    38  fflt_clz.o(x$fpl$ffltu)
    __aeabi_fmul                             0x08003a89   Thumb Code     0  fmul.o(x$fpl$fmul)
    _fmul                                    0x08003a89   Thumb Code   258  fmul.o(x$fpl$fmul)
    __fpl_fnaninf                            0x08003b8b   Thumb Code   140  fnaninf.o(x$fpl$fnaninf)
    __fpl_fretinf                            0x08003c17   Thumb Code    10  fretinf.o(x$fpl$fretinf)
    __aeabi_fsub                             0x08003c21   Thumb Code     0  faddsub_clz.o(x$fpl$fsub)
    _fsub                                    0x08003c21   Thumb Code   234  faddsub_clz.o(x$fpl$fsub)
    __I$use$fp                               0x08003d0a   Number         0  usenofp.o(x$fpl$usenofp)
    AHBPrescTable                            0x08003d1c   Data          16  system_stm32f1xx.o(.constdata)
    APBPrescTable                            0x08003d2c   Data           8  system_stm32f1xx.o(.constdata)
    CRC8_TAB                                 0x08003d34   Data         256  crc.o(.constdata)
    wCRC_Table                               0x08003e34   Data         512  crc.o(.constdata)
    Region$$Table$$Base                      0x08004070   Number         0  anon$$obj.o(Region$$Table)
    Region$$Table$$Limit                     0x08004090   Number         0  anon$$obj.o(Region$$Table)
    result                                   0x20000000   Data           1  stm32f1xx_it.o(.data)
    USART3_RX_STA                            0x20000002   Data           2  stm32f1xx_it.o(.data)
    chckNumChar                              0x20000004   Data           2  stm32f1xx_it.o(.data)
    chckNum                                  0x20000008   Data           4  stm32f1xx_it.o(.data)
    ss                                       0x2000000c   Data           4  stm32f1xx_it.o(.data)
    mm                                       0x20000010   Data           4  stm32f1xx_it.o(.data)
    hh                                       0x20000014   Data           4  stm32f1xx_it.o(.data)
    i                                        0x20000018   Data           4  stm32f1xx_it.o(.data)
    gprmcStr                                 0x2000001c   Data           7  stm32f1xx_it.o(.data)
    uwTickFreq                               0x20000024   Data           1  stm32f1xx_hal.o(.data)
    uwTickPrio                               0x20000028   Data           4  stm32f1xx_hal.o(.data)
    uwTick                                   0x2000002c   Data           4  stm32f1xx_hal.o(.data)
    SystemCoreClock                          0x20000030   Data           4  system_stm32f1xx.o(.data)
    SetTimeZone                              0x20000034   Data          25  gps.o(.data)
    CRC_INIT                                 0x2000004e   Data           2  crc.o(.data)
    USART3_RX_BUF                            0x20000050   Data        2048  main.o(.bss)
    USART2_RX_BUF                            0x20000850   Data          32  main.o(.bss)
    gpsx                                     0x20000870   Data         106  main.o(.bss)
    gps_send                                 0x200008da   Data          16  main.o(.bss)
    htim1                                    0x200008ec   Data          72  tim.o(.bss)
    htim2                                    0x20000934   Data          72  tim.o(.bss)
    htim3                                    0x2000097c   Data          72  tim.o(.bss)
    htim4                                    0x200009c4   Data          72  tim.o(.bss)
    huart1                                   0x20000a0c   Data          72  usart.o(.bss)
    huart2                                   0x20000a54   Data          72  usart.o(.bss)
    huart3                                   0x20000a9c   Data          72  usart.o(.bss)
    hdma_usart2_rx                           0x20000ae4   Data          68  usart.o(.bss)
    hdma_usart2_tx                           0x20000b28   Data          68  usart.o(.bss)
    hdma_usart3_tx                           0x20000b6c   Data          68  usart.o(.bss)
    hdma_usart3_rx                           0x20000bb0   Data          68  usart.o(.bss)
    value_1                                  0x20000bf4   Data         100  stm32f1xx_it.o(.bss)
    value_2                                  0x20000c58   Data         100  stm32f1xx_it.o(.bss)
    last_valid_data                          0x20000cce   Data          14  gps.o(.bss)
    __libspace_start                         0x20000cdc   Data          96  libspace.o(.bss)
    __temporary_stack_top$libspace           0x20000d3c   Data           0  libspace.o(.bss)



==============================================================================

Memory Map of the image

  Image Entry point : 0x080000ed

  Load Region LR_IROM1 (Base: 0x08000000, Size: 0x000040e0, Max: 0x00010000, ABSOLUTE)

    Execution Region ER_IROM1 (Exec base: 0x08000000, Load base: 0x08000000, Size: 0x00004090, Max: 0x00010000, ABSOLUTE)

    Exec Addr    Load Addr    Size         Type   Attr      Idx    E Section Name        Object

    0x08000000   0x08000000   0x000000ec   Data   RO            3    RESET               startup_stm32f103xb.o
    0x080000ec   0x080000ec   0x00000008   Code   RO         3338  * !!!main             c_w.l(__main.o)
    0x080000f4   0x080000f4   0x00000034   Code   RO         3574    !!!scatter          c_w.l(__scatter.o)
    0x08000128   0x08000128   0x0000001a   Code   RO         3576    !!handler_copy      c_w.l(__scatter_copy.o)
    0x08000142   0x08000142   0x00000002   PAD
    0x08000144   0x08000144   0x0000001c   Code   RO         3578    !!handler_zi        c_w.l(__scatter_zi.o)
    0x08000160   0x08000160   0x00000000   Code   RO         3325    .ARM.Collect$$_printf_percent$$00000000  c_w.l(_printf_percent.o)
    0x08000160   0x08000160   0x00000006   Code   RO         3324    .ARM.Collect$$_printf_percent$$00000009  c_w.l(_printf_d.o)
    0x08000166   0x08000166   0x00000006   Code   RO         3323    .ARM.Collect$$_printf_percent$$0000000C  c_w.l(_printf_x.o)
    0x0800016c   0x0800016c   0x00000006   Code   RO         3322    .ARM.Collect$$_printf_percent$$00000014  c_w.l(_printf_s.o)
    0x08000172   0x08000172   0x00000004   Code   RO         3388    .ARM.Collect$$_printf_percent$$00000017  c_w.l(_printf_percent_end.o)
    0x08000176   0x08000176   0x00000002   Code   RO         3443    .ARM.Collect$$libinit$$00000000  c_w.l(libinit.o)
    0x08000178   0x08000178   0x00000000   Code   RO         3449    .ARM.Collect$$libinit$$00000002  c_w.l(libinit2.o)
    0x08000178   0x08000178   0x00000000   Code   RO         3451    .ARM.Collect$$libinit$$00000004  c_w.l(libinit2.o)
    0x08000178   0x08000178   0x00000000   Code   RO         3454    .ARM.Collect$$libinit$$0000000A  c_w.l(libinit2.o)
    0x08000178   0x08000178   0x00000000   Code   RO         3456    .ARM.Collect$$libinit$$0000000C  c_w.l(libinit2.o)
    0x08000178   0x08000178   0x00000000   Code   RO         3458    .ARM.Collect$$libinit$$0000000E  c_w.l(libinit2.o)
    0x08000178   0x08000178   0x00000000   Code   RO         3461    .ARM.Collect$$libinit$$00000011  c_w.l(libinit2.o)
    0x08000178   0x08000178   0x00000000   Code   RO         3463    .ARM.Collect$$libinit$$00000013  c_w.l(libinit2.o)
    0x08000178   0x08000178   0x00000000   Code   RO         3465    .ARM.Collect$$libinit$$00000015  c_w.l(libinit2.o)
    0x08000178   0x08000178   0x00000000   Code   RO         3467    .ARM.Collect$$libinit$$00000017  c_w.l(libinit2.o)
    0x08000178   0x08000178   0x00000000   Code   RO         3469    .ARM.Collect$$libinit$$00000019  c_w.l(libinit2.o)
    0x08000178   0x08000178   0x00000000   Code   RO         3471    .ARM.Collect$$libinit$$0000001B  c_w.l(libinit2.o)
    0x08000178   0x08000178   0x00000000   Code   RO         3473    .ARM.Collect$$libinit$$0000001D  c_w.l(libinit2.o)
    0x08000178   0x08000178   0x00000000   Code   RO         3475    .ARM.Collect$$libinit$$0000001F  c_w.l(libinit2.o)
    0x08000178   0x08000178   0x00000000   Code   RO         3477    .ARM.Collect$$libinit$$00000021  c_w.l(libinit2.o)
    0x08000178   0x08000178   0x00000000   Code   RO         3479    .ARM.Collect$$libinit$$00000023  c_w.l(libinit2.o)
    0x08000178   0x08000178   0x00000000   Code   RO         3481    .ARM.Collect$$libinit$$00000025  c_w.l(libinit2.o)
    0x08000178   0x08000178   0x00000000   Code   RO         3485    .ARM.Collect$$libinit$$0000002C  c_w.l(libinit2.o)
    0x08000178   0x08000178   0x00000000   Code   RO         3487    .ARM.Collect$$libinit$$0000002E  c_w.l(libinit2.o)
    0x08000178   0x08000178   0x00000000   Code   RO         3489    .ARM.Collect$$libinit$$00000030  c_w.l(libinit2.o)
    0x08000178   0x08000178   0x00000000   Code   RO         3491    .ARM.Collect$$libinit$$00000032  c_w.l(libinit2.o)
    0x08000178   0x08000178   0x00000002   Code   RO         3492    .ARM.Collect$$libinit$$00000033  c_w.l(libinit2.o)
    0x0800017a   0x0800017a   0x00000002   Code   RO         3512    .ARM.Collect$$libshutdown$$00000000  c_w.l(libshutdown.o)
    0x0800017c   0x0800017c   0x00000000   Code   RO         3525    .ARM.Collect$$libshutdown$$00000002  c_w.l(libshutdown2.o)
    0x0800017c   0x0800017c   0x00000000   Code   RO         3527    .ARM.Collect$$libshutdown$$00000004  c_w.l(libshutdown2.o)
    0x0800017c   0x0800017c   0x00000000   Code   RO         3529    .ARM.Collect$$libshutdown$$00000006  c_w.l(libshutdown2.o)
    0x0800017c   0x0800017c   0x00000000   Code   RO         3532    .ARM.Collect$$libshutdown$$00000009  c_w.l(libshutdown2.o)
    0x0800017c   0x0800017c   0x00000000   Code   RO         3535    .ARM.Collect$$libshutdown$$0000000C  c_w.l(libshutdown2.o)
    0x0800017c   0x0800017c   0x00000000   Code   RO         3537    .ARM.Collect$$libshutdown$$0000000E  c_w.l(libshutdown2.o)
    0x0800017c   0x0800017c   0x00000000   Code   RO         3540    .ARM.Collect$$libshutdown$$00000011  c_w.l(libshutdown2.o)
    0x0800017c   0x0800017c   0x00000002   Code   RO         3541    .ARM.Collect$$libshutdown$$00000012  c_w.l(libshutdown2.o)
    0x0800017e   0x0800017e   0x00000000   Code   RO         3374    .ARM.Collect$$rtentry$$00000000  c_w.l(__rtentry.o)
    0x0800017e   0x0800017e   0x00000000   Code   RO         3404    .ARM.Collect$$rtentry$$00000002  c_w.l(__rtentry2.o)
    0x0800017e   0x0800017e   0x00000006   Code   RO         3416    .ARM.Collect$$rtentry$$00000004  c_w.l(__rtentry4.o)
    0x08000184   0x08000184   0x00000000   Code   RO         3406    .ARM.Collect$$rtentry$$00000009  c_w.l(__rtentry2.o)
    0x08000184   0x08000184   0x00000004   Code   RO         3407    .ARM.Collect$$rtentry$$0000000A  c_w.l(__rtentry2.o)
    0x08000188   0x08000188   0x00000000   Code   RO         3409    .ARM.Collect$$rtentry$$0000000C  c_w.l(__rtentry2.o)
    0x08000188   0x08000188   0x00000008   Code   RO         3410    .ARM.Collect$$rtentry$$0000000D  c_w.l(__rtentry2.o)
    0x08000190   0x08000190   0x00000002   Code   RO         3444    .ARM.Collect$$rtexit$$00000000  c_w.l(rtexit.o)
    0x08000192   0x08000192   0x00000000   Code   RO         3494    .ARM.Collect$$rtexit$$00000002  c_w.l(rtexit2.o)
    0x08000192   0x08000192   0x00000004   Code   RO         3495    .ARM.Collect$$rtexit$$00000003  c_w.l(rtexit2.o)
    0x08000196   0x08000196   0x00000006   Code   RO         3496    .ARM.Collect$$rtexit$$00000004  c_w.l(rtexit2.o)
    0x0800019c   0x0800019c   0x00000040   Code   RO            4    .text               startup_stm32f103xb.o
    0x080001dc   0x080001dc   0x00000028   Code   RO         3271    .text               c_w.l(noretval__2sprintf.o)
    0x08000204   0x08000204   0x0000004e   Code   RO         3275    .text               c_w.l(_printf_pad.o)
    0x08000252   0x08000252   0x00000052   Code   RO         3277    .text               c_w.l(_printf_str.o)
    0x080002a4   0x080002a4   0x00000078   Code   RO         3279    .text               c_w.l(_printf_dec.o)
    0x0800031c   0x0800031c   0x00000058   Code   RO         3284    .text               c_w.l(_printf_hex_int.o)
    0x08000374   0x08000374   0x00000138   Code   RO         3314    .text               c_w.l(__printf_flags_wp.o)
    0x080004ac   0x080004ac   0x00000024   Code   RO         3328    .text               c_w.l(strstr.o)
    0x080004d0   0x080004d0   0x00000048   Code   RO         3330    .text               c_w.l(strcpy.o)
    0x08000518   0x08000518   0x0000004e   Code   RO         3334    .text               c_w.l(rt_memclr_w.o)
    0x08000566   0x08000566   0x00000006   Code   RO         3336    .text               c_w.l(heapauxi.o)
    0x0800056c   0x0800056c   0x000000b2   Code   RO         3380    .text               c_w.l(_printf_intcommon.o)
    0x0800061e   0x0800061e   0x00000002   PAD
    0x08000620   0x08000620   0x00000030   Code   RO         3382    .text               c_w.l(_printf_char_common.o)
    0x08000650   0x08000650   0x0000000a   Code   RO         3384    .text               c_w.l(_sputc.o)
    0x0800065a   0x0800065a   0x0000002c   Code   RO         3386    .text               c_w.l(_printf_char.o)
    0x08000686   0x08000686   0x00000002   PAD
    0x08000688   0x08000688   0x00000008   Code   RO         3400    .text               c_w.l(libspace.o)
    0x08000690   0x08000690   0x0000004a   Code   RO         3424    .text               c_w.l(sys_stackheap_outer.o)
    0x080006da   0x080006da   0x00000012   Code   RO         3436    .text               c_w.l(exit.o)
    0x080006ec   0x080006ec   0x0000000c   Code   RO         3504    .text               c_w.l(sys_exit.o)
    0x080006f8   0x080006f8   0x00000002   Code   RO         3515    .text               c_w.l(use_no_semi.o)
    0x080006fa   0x080006fa   0x00000000   Code   RO         3517    .text               c_w.l(indicate_semi.o)
    0x080006fa   0x080006fa   0x00000002   PAD
    0x080006fc   0x080006fc   0x00000028   Code   RO         3137    i.Append_CRC16_Check_Sum  crc.o
    0x08000724   0x08000724   0x00000002   Code   RO          374    i.BusFault_Handler  stm32f1xx_it.o
    0x08000726   0x08000726   0x00000002   PAD
    0x08000728   0x08000728   0x0000000c   Code   RO          375    i.DMA1_Channel2_IRQHandler  stm32f1xx_it.o
    0x08000734   0x08000734   0x0000000c   Code   RO          376    i.DMA1_Channel3_IRQHandler  stm32f1xx_it.o
    0x08000740   0x08000740   0x0000000c   Code   RO          377    i.DMA1_Channel6_IRQHandler  stm32f1xx_it.o
    0x0800074c   0x0800074c   0x0000000c   Code   RO          378    i.DMA1_Channel7_IRQHandler  stm32f1xx_it.o
    0x08000758   0x08000758   0x0000002a   Code   RO         1946    i.DMA_SetConfig     stm32f1xx_hal_dma.o
    0x08000782   0x08000782   0x00000002   Code   RO          379    i.DebugMon_Handler  stm32f1xx_it.o
    0x08000784   0x08000784   0x00000004   Code   RO           13    i.Error_Handler     main.o
    0x08000788   0x08000788   0x00000038   Code   RO         3045    i.GPS_Analysis      gps.o
    0x080007c0   0x080007c0   0x0000002c   Code   RO         3139    i.Get_CRC16_Check_Sum  crc.o
    0x080007ec   0x080007ec   0x00000046   Code   RO         1947    i.HAL_DMA_Abort     stm32f1xx_hal_dma.o
    0x08000832   0x08000832   0x00000002   PAD
    0x08000834   0x08000834   0x00000098   Code   RO         1948    i.HAL_DMA_Abort_IT  stm32f1xx_hal_dma.o
    0x080008cc   0x080008cc   0x00000154   Code   RO         1952    i.HAL_DMA_IRQHandler  stm32f1xx_hal_dma.o
    0x08000a20   0x08000a20   0x0000005c   Code   RO         1953    i.HAL_DMA_Init      stm32f1xx_hal_dma.o
    0x08000a7c   0x08000a7c   0x00000070   Code   RO         1957    i.HAL_DMA_Start_IT  stm32f1xx_hal_dma.o
    0x08000aec   0x08000aec   0x00000024   Code   RO         1573    i.HAL_Delay         stm32f1xx_hal.o
    0x08000b10   0x08000b10   0x000001e0   Code   RO         1883    i.HAL_GPIO_Init     stm32f1xx_hal_gpio.o
    0x08000cf0   0x08000cf0   0x0000000a   Code   RO         1887    i.HAL_GPIO_WritePin  stm32f1xx_hal_gpio.o
    0x08000cfa   0x08000cfa   0x00000002   PAD
    0x08000cfc   0x08000cfc   0x0000000c   Code   RO         1577    i.HAL_GetTick       stm32f1xx_hal.o
    0x08000d08   0x08000d08   0x00000010   Code   RO         1583    i.HAL_IncTick       stm32f1xx_hal.o
    0x08000d18   0x08000d18   0x00000024   Code   RO         1584    i.HAL_Init          stm32f1xx_hal.o
    0x08000d3c   0x08000d3c   0x00000040   Code   RO         1585    i.HAL_InitTick      stm32f1xx_hal.o
    0x08000d7c   0x08000d7c   0x0000003c   Code   RO          533    i.HAL_MspInit       stm32f1xx_hal_msp.o
    0x08000db8   0x08000db8   0x0000001a   Code   RO         2043    i.HAL_NVIC_EnableIRQ  stm32f1xx_hal_cortex.o
    0x08000dd2   0x08000dd2   0x00000002   PAD
    0x08000dd4   0x08000dd4   0x00000040   Code   RO         2049    i.HAL_NVIC_SetPriority  stm32f1xx_hal_cortex.o
    0x08000e14   0x08000e14   0x00000024   Code   RO         2050    i.HAL_NVIC_SetPriorityGrouping  stm32f1xx_hal_cortex.o
    0x08000e38   0x08000e38   0x0000012c   Code   RO         1741    i.HAL_RCC_ClockConfig  stm32f1xx_hal_rcc.o
    0x08000f64   0x08000f64   0x00000020   Code   RO         1748    i.HAL_RCC_GetPCLK1Freq  stm32f1xx_hal_rcc.o
    0x08000f84   0x08000f84   0x00000020   Code   RO         1749    i.HAL_RCC_GetPCLK2Freq  stm32f1xx_hal_rcc.o
    0x08000fa4   0x08000fa4   0x0000004c   Code   RO         1750    i.HAL_RCC_GetSysClockFreq  stm32f1xx_hal_rcc.o
    0x08000ff0   0x08000ff0   0x00000320   Code   RO         1753    i.HAL_RCC_OscConfig  stm32f1xx_hal_rcc.o
    0x08001310   0x08001310   0x00000028   Code   RO         2054    i.HAL_SYSTICK_Config  stm32f1xx_hal_cortex.o
    0x08001338   0x08001338   0x00000002   Code   RO         1299    i.HAL_TIMEx_BreakCallback  stm32f1xx_hal_tim_ex.o
    0x0800133a   0x0800133a   0x00000002   Code   RO         1300    i.HAL_TIMEx_CommutCallback  stm32f1xx_hal_tim_ex.o
    0x0800133c   0x0800133c   0x00000054   Code   RO         1302    i.HAL_TIMEx_ConfigBreakDeadTime  stm32f1xx_hal_tim_ex.o
    0x08001390   0x08001390   0x00000068   Code   RO         1318    i.HAL_TIMEx_MasterConfigSynchronization  stm32f1xx_hal_tim_ex.o
    0x080013f8   0x080013f8   0x0000005a   Code   RO          595    i.HAL_TIM_Base_Init  stm32f1xx_hal_tim.o
    0x08001452   0x08001452   0x00000002   PAD
    0x08001454   0x08001454   0x0000008c   Code   RO          243    i.HAL_TIM_Base_MspInit  tim.o
    0x080014e0   0x080014e0   0x00000050   Code   RO          598    i.HAL_TIM_Base_Start  stm32f1xx_hal_tim.o
    0x08001530   0x08001530   0x00000058   Code   RO          600    i.HAL_TIM_Base_Start_IT  stm32f1xx_hal_tim.o
    0x08001588   0x08001588   0x00000030   Code   RO          603    i.HAL_TIM_Base_Stop_IT  stm32f1xx_hal_tim.o
    0x080015b8   0x080015b8   0x000000dc   Code   RO          604    i.HAL_TIM_ConfigClockSource  stm32f1xx_hal_tim.o
    0x08001694   0x08001694   0x00000002   Code   RO          629    i.HAL_TIM_IC_CaptureCallback  stm32f1xx_hal_tim.o
    0x08001696   0x08001696   0x00000130   Code   RO          643    i.HAL_TIM_IRQHandler  stm32f1xx_hal_tim.o
    0x080017c6   0x080017c6   0x00000002   PAD
    0x080017c8   0x080017c8   0x00000068   Code   RO          244    i.HAL_TIM_MspPostInit  tim.o
    0x08001830   0x08001830   0x00000002   Code   RO          646    i.HAL_TIM_OC_DelayElapsedCallback  stm32f1xx_hal_tim.o
    0x08001832   0x08001832   0x000000cc   Code   RO          667    i.HAL_TIM_PWM_ConfigChannel  stm32f1xx_hal_tim.o
    0x080018fe   0x080018fe   0x0000005a   Code   RO          670    i.HAL_TIM_PWM_Init  stm32f1xx_hal_tim.o
    0x08001958   0x08001958   0x00000038   Code   RO          246    i.HAL_TIM_PWM_MspInit  tim.o
    0x08001990   0x08001990   0x00000002   Code   RO          673    i.HAL_TIM_PWM_PulseFinishedCallback  stm32f1xx_hal_tim.o
    0x08001992   0x08001992   0x00000002   PAD
    0x08001994   0x08001994   0x0000009c   Code   RO          675    i.HAL_TIM_PWM_Start  stm32f1xx_hal_tim.o
    0x08001a30   0x08001a30   0x00000028   Code   RO           14    i.HAL_TIM_PeriodElapsedCallback  main.o
    0x08001a58   0x08001a58   0x00000002   Code   RO          686    i.HAL_TIM_TriggerCallback  stm32f1xx_hal_tim.o
    0x08001a5a   0x08001a5a   0x00000002   Code   RO         2555    i.HAL_UARTEx_RxEventCallback  stm32f1xx_hal_uart.o
    0x08001a5c   0x08001a5c   0x00000070   Code   RO         2567    i.HAL_UART_DMAStop  stm32f1xx_hal_uart.o
    0x08001acc   0x08001acc   0x00000002   Code   RO         2569    i.HAL_UART_ErrorCallback  stm32f1xx_hal_uart.o
    0x08001ace   0x08001ace   0x00000002   PAD
    0x08001ad0   0x08001ad0   0x0000026c   Code   RO         2572    i.HAL_UART_IRQHandler  stm32f1xx_hal_uart.o
    0x08001d3c   0x08001d3c   0x00000064   Code   RO         2573    i.HAL_UART_Init     stm32f1xx_hal_uart.o
    0x08001da0   0x08001da0   0x000001fc   Code   RO          321    i.HAL_UART_MspInit  usart.o
    0x08001f9c   0x08001f9c   0x0000001c   Code   RO         2577    i.HAL_UART_Receive_DMA  stm32f1xx_hal_uart.o
    0x08001fb8   0x08001fb8   0x0000001c   Code   RO         2578    i.HAL_UART_Receive_IT  stm32f1xx_hal_uart.o
    0x08001fd4   0x08001fd4   0x00000002   Code   RO         2579    i.HAL_UART_RxCpltCallback  stm32f1xx_hal_uart.o
    0x08001fd6   0x08001fd6   0x00000002   Code   RO         2580    i.HAL_UART_RxHalfCpltCallback  stm32f1xx_hal_uart.o
    0x08001fd8   0x08001fd8   0x000000a0   Code   RO         2581    i.HAL_UART_Transmit  stm32f1xx_hal_uart.o
    0x08002078   0x08002078   0x00000078   Code   RO         2582    i.HAL_UART_Transmit_DMA  stm32f1xx_hal_uart.o
    0x080020f0   0x080020f0   0x00000002   Code   RO         2584    i.HAL_UART_TxCpltCallback  stm32f1xx_hal_uart.o
    0x080020f2   0x080020f2   0x00000002   Code   RO         2585    i.HAL_UART_TxHalfCpltCallback  stm32f1xx_hal_uart.o
    0x080020f4   0x080020f4   0x00000002   Code   RO          380    i.HardFault_Handler  stm32f1xx_it.o
    0x080020f6   0x080020f6   0x00000002   PAD
    0x080020f8   0x080020f8   0x0000005c   Code   RO          218    i.MX_DMA_Init       dma.o
    0x08002154   0x08002154   0x00000084   Code   RO          194    i.MX_GPIO_Init      gpio.o
    0x080021d8   0x080021d8   0x000000cc   Code   RO          247    i.MX_TIM1_Init      tim.o
    0x080022a4   0x080022a4   0x00000074   Code   RO          248    i.MX_TIM2_Init      tim.o
    0x08002318   0x08002318   0x0000006c   Code   RO          249    i.MX_TIM3_Init      tim.o
    0x08002384   0x08002384   0x00000068   Code   RO          250    i.MX_TIM4_Init      tim.o
    0x080023ec   0x080023ec   0x00000038   Code   RO          322    i.MX_USART1_UART_Init  usart.o
    0x08002424   0x08002424   0x00000038   Code   RO          323    i.MX_USART2_UART_Init  usart.o
    0x0800245c   0x0800245c   0x00000038   Code   RO          324    i.MX_USART3_UART_Init  usart.o
    0x08002494   0x08002494   0x00000002   Code   RO          381    i.MemManage_Handler  stm32f1xx_it.o
    0x08002496   0x08002496   0x0000002a   Code   RO         3046    i.NMEA_Comma_Pos    gps.o
    0x080024c0   0x080024c0   0x00000044   Code   RO         3047    i.NMEA_GPGGA_Analysis  gps.o
    0x08002504   0x08002504   0x0000009c   Code   RO         3048    i.NMEA_GPGSA_Analysis  gps.o
    0x080025a0   0x080025a0   0x000000ec   Code   RO         3049    i.NMEA_GPGSV_Analysis  gps.o
    0x0800268c   0x0800268c   0x0000021c   Code   RO         3050    i.NMEA_GPRMC_Analysis  gps.o
    0x080028a8   0x080028a8   0x0000004c   Code   RO         3051    i.NMEA_GPVTG_Analysis  gps.o
    0x080028f4   0x080028f4   0x00000010   Code   RO         3052    i.NMEA_Pow          gps.o
    0x08002904   0x08002904   0x000000c0   Code   RO         3053    i.NMEA_Str2num      gps.o
    0x080029c4   0x080029c4   0x00000002   Code   RO          382    i.NMI_Handler       stm32f1xx_it.o
    0x080029c6   0x080029c6   0x00000002   Code   RO          383    i.PendSV_Handler    stm32f1xx_it.o
    0x080029c8   0x080029c8   0x00000002   Code   RO          384    i.SVC_Handler       stm32f1xx_it.o
    0x080029ca   0x080029ca   0x00000002   PAD
    0x080029cc   0x080029cc   0x0000004c   Code   RO          385    i.SysTick_Handler   stm32f1xx_it.o
    0x08002a18   0x08002a18   0x0000005e   Code   RO           15    i.SystemClock_Config  main.o
    0x08002a76   0x08002a76   0x00000002   Code   RO         2907    i.SystemInit        system_stm32f1xx.o
    0x08002a78   0x08002a78   0x0000005a   Code   RO         3195    i.TDT_Loop          schedule.o
    0x08002ad2   0x08002ad2   0x00000002   PAD
    0x08002ad4   0x08002ad4   0x00000020   Code   RO         3198    i.TDT_Loop_10Hz     schedule.o
    0x08002af4   0x08002af4   0x00000010   Code   RO         3201    i.TDT_Loop_20Hz     schedule.o
    0x08002b04   0x08002b04   0x00000104   Code   RO          386    i.TIM1_UP_IRQHandler  stm32f1xx_it.o
    0x08002c08   0x08002c08   0x0000000c   Code   RO          387    i.TIM2_IRQHandler   stm32f1xx_it.o
    0x08002c14   0x08002c14   0x0000002c   Code   RO          388    i.TIM3_IRQHandler   stm32f1xx_it.o
    0x08002c40   0x08002c40   0x0000000c   Code   RO          389    i.TIM4_IRQHandler   stm32f1xx_it.o
    0x08002c4c   0x08002c4c   0x00000078   Code   RO          688    i.TIM_Base_SetConfig  stm32f1xx_hal_tim.o
    0x08002cc4   0x08002cc4   0x0000001a   Code   RO          689    i.TIM_CCxChannelCmd  stm32f1xx_hal_tim.o
    0x08002cde   0x08002cde   0x00000014   Code   RO          699    i.TIM_ETR_SetConfig  stm32f1xx_hal_tim.o
    0x08002cf2   0x08002cf2   0x00000010   Code   RO          700    i.TIM_ITRx_SetConfig  stm32f1xx_hal_tim.o
    0x08002d02   0x08002d02   0x00000002   PAD
    0x08002d04   0x08002d04   0x00000050   Code   RO          701    i.TIM_OC1_SetConfig  stm32f1xx_hal_tim.o
    0x08002d54   0x08002d54   0x00000058   Code   RO          702    i.TIM_OC2_SetConfig  stm32f1xx_hal_tim.o
    0x08002dac   0x08002dac   0x00000058   Code   RO          703    i.TIM_OC3_SetConfig  stm32f1xx_hal_tim.o
    0x08002e04   0x08002e04   0x00000044   Code   RO          704    i.TIM_OC4_SetConfig  stm32f1xx_hal_tim.o
    0x08002e48   0x08002e48   0x00000022   Code   RO          706    i.TIM_TI1_ConfigInputStage  stm32f1xx_hal_tim.o
    0x08002e6a   0x08002e6a   0x00000024   Code   RO          708    i.TIM_TI2_ConfigInputStage  stm32f1xx_hal_tim.o
    0x08002e8e   0x08002e8e   0x00000010   Code   RO         2586    i.UART_DMAAbortOnError  stm32f1xx_hal_uart.o
    0x08002e9e   0x08002e9e   0x0000004a   Code   RO         2587    i.UART_DMAError     stm32f1xx_hal_uart.o
    0x08002ee8   0x08002ee8   0x00000086   Code   RO         2588    i.UART_DMAReceiveCplt  stm32f1xx_hal_uart.o
    0x08002f6e   0x08002f6e   0x0000001e   Code   RO         2590    i.UART_DMARxHalfCplt  stm32f1xx_hal_uart.o
    0x08002f8c   0x08002f8c   0x00000042   Code   RO         2592    i.UART_DMATransmitCplt  stm32f1xx_hal_uart.o
    0x08002fce   0x08002fce   0x0000000a   Code   RO         2594    i.UART_DMATxHalfCplt  stm32f1xx_hal_uart.o
    0x08002fd8   0x08002fd8   0x0000004e   Code   RO         2596    i.UART_EndRxTransfer  stm32f1xx_hal_uart.o
    0x08003026   0x08003026   0x0000001c   Code   RO         2597    i.UART_EndTxTransfer  stm32f1xx_hal_uart.o
    0x08003042   0x08003042   0x000000c2   Code   RO         2598    i.UART_Receive_IT   stm32f1xx_hal_uart.o
    0x08003104   0x08003104   0x000000b8   Code   RO         2599    i.UART_SetConfig    stm32f1xx_hal_uart.o
    0x080031bc   0x080031bc   0x00000090   Code   RO         2600    i.UART_Start_Receive_DMA  stm32f1xx_hal_uart.o
    0x0800324c   0x0800324c   0x00000036   Code   RO         2601    i.UART_Start_Receive_IT  stm32f1xx_hal_uart.o
    0x08003282   0x08003282   0x00000072   Code   RO         2602    i.UART_WaitOnFlagUntilTimeout  stm32f1xx_hal_uart.o
    0x080032f4   0x080032f4   0x0000000c   Code   RO          390    i.USART1_IRQHandler  stm32f1xx_it.o
    0x08003300   0x08003300   0x0000000c   Code   RO          391    i.USART2_IRQHandler  stm32f1xx_it.o
    0x0800330c   0x0800330c   0x0000007c   Code   RO          392    i.USART3_IRQHandler  stm32f1xx_it.o
    0x08003388   0x08003388   0x00000002   Code   RO          393    i.UsageFault_Handler  stm32f1xx_it.o
    0x0800338a   0x0800338a   0x00000020   Code   RO         2056    i.__NVIC_SetPriority  stm32f1xx_hal_cortex.o
    0x080033aa   0x080033aa   0x0000000e   Code   RO         3312    i._is_digit         c_w.l(__printf_wp.o)
    0x080033b8   0x080033b8   0x0000003c   Code   RO          394    i.checkNum          stm32f1xx_it.o
    0x080033f4   0x080033f4   0x00000088   Code   RO         3055    i.gps_read          gps.o
    0x0800347c   0x0800347c   0x000000e0   Code   RO           16    i.main              main.o
    0x0800355c   0x0800355c   0x0000005a   Code   RO         3340    x$fpl$dfixu         fz_ws.l(dfixu.o)
    0x080035b6   0x080035b6   0x00000026   Code   RO         3344    x$fpl$dfltu         fz_ws.l(dflt_clz.o)
    0x080035dc   0x080035dc   0x00000154   Code   RO         3350    x$fpl$dmul          fz_ws.l(dmul.o)
    0x08003730   0x08003730   0x0000009c   Code   RO         3391    x$fpl$dnaninf       fz_ws.l(dnaninf.o)
    0x080037cc   0x080037cc   0x0000000c   Code   RO         3393    x$fpl$dretinf       fz_ws.l(dretinf.o)
    0x080037d8   0x080037d8   0x000000c4   Code   RO         3352    x$fpl$fadd          fz_ws.l(faddsub_clz.o)
    0x0800389c   0x0800389c   0x00000184   Code   RO         3359    x$fpl$fdiv          fz_ws.l(fdiv.o)
    0x08003a20   0x08003a20   0x0000003e   Code   RO         3362    x$fpl$ffixu         fz_ws.l(ffixu.o)
    0x08003a5e   0x08003a5e   0x00000002   PAD
    0x08003a60   0x08003a60   0x00000026   Code   RO         3366    x$fpl$ffltu         fz_ws.l(fflt_clz.o)
    0x08003a86   0x08003a86   0x00000002   PAD
    0x08003a88   0x08003a88   0x00000102   Code   RO         3372    x$fpl$fmul          fz_ws.l(fmul.o)
    0x08003b8a   0x08003b8a   0x0000008c   Code   RO         3395    x$fpl$fnaninf       fz_ws.l(fnaninf.o)
    0x08003c16   0x08003c16   0x0000000a   Code   RO         3397    x$fpl$fretinf       fz_ws.l(fretinf.o)
    0x08003c20   0x08003c20   0x000000ea   Code   RO         3354    x$fpl$fsub          fz_ws.l(faddsub_clz.o)
    0x08003d0a   0x08003d0a   0x00000000   Code   RO         3399    x$fpl$usenofp       fz_ws.l(usenofp.o)
    0x08003d0a   0x08003d0a   0x00000012   Data   RO         1754    .constdata          stm32f1xx_hal_rcc.o
    0x08003d1c   0x08003d1c   0x00000010   Data   RO         2908    .constdata          system_stm32f1xx.o
    0x08003d2c   0x08003d2c   0x00000008   Data   RO         2909    .constdata          system_stm32f1xx.o
    0x08003d34   0x08003d34   0x00000300   Data   RO         3144    .constdata          crc.o
    0x08004034   0x08004034   0x00000028   Data   RO         3285    .constdata          c_w.l(_printf_hex_int.o)
    0x0800405c   0x0800405c   0x00000011   Data   RO         3315    .constdata          c_w.l(__printf_flags_wp.o)
    0x0800406d   0x0800406d   0x00000003   PAD
    0x08004070   0x08004070   0x00000020   Data   RO         3572    Region$$Table       anon$$obj.o


    Execution Region RW_IRAM1 (Exec base: 0x20000000, Load base: 0x08004090, Size: 0x00001340, Max: 0x00005000, ABSOLUTE)

    Exec Addr    Load Addr    Size         Type   Attr      Idx    E Section Name        Object

    0x20000000   0x08004090   0x00000023   Data   RW          397    .data               stm32f1xx_it.o
    0x20000023   0x080040b3   0x00000001   PAD
    0x20000024   0x080040b4   0x0000000c   Data   RW         1591    .data               stm32f1xx_hal.o
    0x20000030   0x080040c0   0x00000004   Data   RW         2910    .data               system_stm32f1xx.o
    0x20000034   0x080040c4   0x00000019   Data   RW         3057    .data               gps.o
    0x2000004d   0x080040dd   0x00000001   PAD
    0x2000004e   0x080040de   0x00000002   Data   RW         3145    .data               crc.o
    0x20000050        -       0x0000088a   Zero   RW           17    .bss                main.o
    0x200008da        -       0x00000010   Zero   RW           18    .bss                main.o
    0x200008ea   0x080040e0   0x00000002   PAD
    0x200008ec        -       0x00000120   Zero   RW          251    .bss                tim.o
    0x20000a0c        -       0x000001e8   Zero   RW          325    .bss                usart.o
    0x20000bf4        -       0x000000da   Zero   RW          395    .bss                stm32f1xx_it.o
    0x20000cce        -       0x0000000e   Zero   RW         3056    .bss                gps.o
    0x20000cdc        -       0x00000060   Zero   RW         3401    .bss                c_w.l(libspace.o)
    0x20000d3c   0x080040e0   0x00000004   PAD
    0x20000d40        -       0x00000200   Zero   RW            2    HEAP                startup_stm32f103xb.o
    0x20000f40        -       0x00000400   Zero   RW            1    STACK               startup_stm32f103xb.o


==============================================================================

Image component sizes


      Code (inc. data)   RO Data    RW Data    ZI Data      Debug   Object Name

        84         10        768          2          0       2051   crc.o
        92          4          0          0          0        730   dma.o
       132         14          0          0          0        867   gpio.o
      1518         58          0         25         14       7742   gps.o
         0          0          0          0          0       2468   lora.o
       362         50          0          0       2202     430650   main.o
       138         16          0          0          0       2044   schedule.o
        64         26        236          0       1536        784   startup_stm32f103xb.o
       164         28          0         12          0       5697   stm32f1xx_hal.o
       198         14          0          0          0      28807   stm32f1xx_hal_cortex.o
       808         36          0          0          0       4806   stm32f1xx_hal_dma.o
       490         34          0          0          0       2808   stm32f1xx_hal_gpio.o
        60          8          0          0          0        822   stm32f1xx_hal_msp.o
      1240         84         18          0          0       4956   stm32f1xx_hal_rcc.o
      1864         70          0          0          0      16236   stm32f1xx_hal_tim.o
       192         12          0          0          0       3057   stm32f1xx_hal_tim_ex.o
      2306         38          0          0          0      18561   stm32f1xx_hal_uart.o
       676        202          0         35        218      10692   stm32f1xx_it.o
         2          0         24          4          0       1035   system_stm32f1xx.o
       832         68          0          0        288       4789   tim.o
       676         56          0          0        488       3260   usart.o

    ----------------------------------------------------------------------
     11922        828       1078         80       4748     552862   Object Totals
         0          0         32          0          0          0   (incl. Generated)
        24          0          0          2          2          0   (incl. Padding)

    ----------------------------------------------------------------------

      Code (inc. data)   RO Data    RW Data    ZI Data      Debug   Library Member Name

         8          0          0          0          0         68   __main.o
       312          4         17          0          0         92   __printf_flags_wp.o
        14          0          0          0          0         68   __printf_wp.o
         0          0          0          0          0          0   __rtentry.o
        12          0          0          0          0          0   __rtentry2.o
         6          0          0          0          0          0   __rtentry4.o
        52          8          0          0          0          0   __scatter.o
        26          0          0          0          0          0   __scatter_copy.o
        28          0          0          0          0          0   __scatter_zi.o
        44          0          0          0          0        108   _printf_char.o
        48          6          0          0          0         96   _printf_char_common.o
         6          0          0          0          0          0   _printf_d.o
       120         16          0          0          0         92   _printf_dec.o
        88          4         40          0          0         88   _printf_hex_int.o
       178          0          0          0          0         88   _printf_intcommon.o
        78          0          0          0          0        108   _printf_pad.o
         0          0          0          0          0          0   _printf_percent.o
         4          0          0          0          0          0   _printf_percent_end.o
         6          0          0          0          0          0   _printf_s.o
        82          0          0          0          0         80   _printf_str.o
         6          0          0          0          0          0   _printf_x.o
        10          0          0          0          0         68   _sputc.o
        18          0          0          0          0         80   exit.o
         6          0          0          0          0        152   heapauxi.o
         0          0          0          0          0          0   indicate_semi.o
         2          0          0          0          0          0   libinit.o
         2          0          0          0          0          0   libinit2.o
         2          0          0          0          0          0   libshutdown.o
         2          0          0          0          0          0   libshutdown2.o
         8          4          0          0         96         68   libspace.o
        40          6          0          0          0         84   noretval__2sprintf.o
        78          0          0          0          0         80   rt_memclr_w.o
         2          0          0          0          0          0   rtexit.o
        10          0          0          0          0          0   rtexit2.o
        72          0          0          0          0         80   strcpy.o
        36          0          0          0          0         80   strstr.o
        12          4          0          0          0         68   sys_exit.o
        74          0          0          0          0         80   sys_stackheap_outer.o
         2          0          0          0          0         68   use_no_semi.o
        90          4          0          0          0         92   dfixu.o
        38          0          0          0          0         68   dflt_clz.o
       340         12          0          0          0        104   dmul.o
       156          4          0          0          0         92   dnaninf.o
        12          0          0          0          0         68   dretinf.o
       430          8          0          0          0        168   faddsub_clz.o
       388         76          0          0          0         96   fdiv.o
        62          4          0          0          0         84   ffixu.o
        38          0          0          0          0         68   fflt_clz.o
       258          4          0          0          0         84   fmul.o
       140          4          0          0          0         84   fnaninf.o
        10          0          0          0          0         68   fretinf.o
         0          0          0          0          0          0   usenofp.o

    ----------------------------------------------------------------------
      3468        168         60          0        100       2872   Library Totals
        12          0          3          0          4          0   (incl. Padding)

    ----------------------------------------------------------------------

      Code (inc. data)   RO Data    RW Data    ZI Data      Debug   Library Name

      1494         52         57          0         96       1796   c_w.l
      1962        116          0          0          0       1076   fz_ws.l

    ----------------------------------------------------------------------
      3468        168         60          0        100       2872   Library Totals

    ----------------------------------------------------------------------

==============================================================================


      Code (inc. data)   RO Data    RW Data    ZI Data      Debug   

     15390        996       1138         80       4848     547618   Grand Totals
     15390        996       1138         80       4848     547618   ELF Image Totals
     15390        996       1138         80          0          0   ROM Totals

==============================================================================

    Total RO  Size (Code + RO Data)                16528 (  16.14kB)
    Total RW  Size (RW Data + ZI Data)              4928 (   4.81kB)
    Total ROM Size (Code + RO Data + RW Data)      16608 (  16.22kB)

==============================================================================

